 dynamorio

 Timestamp is 4f577b36 (Wed Mar 07 10:13:58 2012)

 Preferred load address is 71000000

 Start         Length     Name                   Class
 0001:00000000 000a75f5H .text                   CODE
 0002:00000000 000001f0H .idata$5                DATA
 0002:000001f0 00031c72H .rdata                  DATA
 0002:00031e64 00000014H .idata$2                DATA
 0002:00031e78 00000014H .idata$3                DATA
 0002:00031e8c 000001f0H .idata$4                DATA
 0002:0003207c 0000092aH .idata$6                DATA
 0002:000329b0 00004b58H .edata                  DATA
 0002:00037508 00000076H .rdata$debug            DATA
 0003:00000000 00012180H .data                   DATA
 0003:00012180 0001417cH .bss                    DATA
 0004:00000000 000008daH .fspdata                DATA
 0005:00000000 000001d0H .cspdata                DATA
 0006:00000000 00003e0cH .nspdata                DATA
 0007:00000000 000000a0H .rsrc$01                DATA
 0007:000000a0 000029c0H .rsrc$02                DATA

  Address         Publics by Value              Rva+Base       Lib:Object

 0000:00000000       ___safe_se_handler_count   00000000     <absolute>
 0000:00000000       ___safe_se_handler_table   00000000     <absolute>
 0001:00000000       _dynamo_auto_start         71001000 f   x86_core.obj
 0001:00000011       _call_switch_stack         71001011 f   x86_core.obj
 0001:00000048       _unexpected_return         71001048 f   x86_core.obj
 0001:0000004a       _clone_and_swap_stack      7100104a f   x86_core.obj
 0001:00000068       _dr_app_start              71001068 f   x86_core.obj
 0001:000000a4       _dr_app_take_over          710010a4 f   x86_core.obj
 0001:000000a6       _dynamorio_app_take_over   710010a6 f   x86_core.obj
 0001:000000e2       _cleanup_and_terminate     710010e2 f   x86_core.obj
 0001:00000186       _global_do_syscall_int     71001186 f   x86_core.obj
 0001:00000188       _global_do_syscall_sygate_int 71001188 f   x86_core.obj
 0001:0000018e       _global_do_syscall_sysenter 7100118e f   x86_core.obj
 0001:00000190       _global_do_syscall_sygate_sysenter 71001190 f   x86_core.obj
 0001:0000019d       _global_do_syscall_wow64   7100119d f   x86_core.obj
 0001:000001a4       _global_do_syscall_wow64_index0 710011a4 f   x86_core.obj
 0001:000001ad       _dynamorio_syscall_int2e   710011ad f   x86_core.obj
 0001:000001b8       _dynamorio_syscall_sygate_int2e 710011b8 f   x86_core.obj
 0001:000001c7       _dynamorio_syscall_sysenter 710011c7 f   x86_core.obj
 0001:000001d0       _dynamorio_syscall_sygate_sysenter 710011d0 f   x86_core.obj
 0001:000001f4       _dynamorio_syscall_wow64   710011f4 f   x86_core.obj
 0001:00000216       _nt_continue_dynamo_start  71001216 f   x86_core.obj
 0001:0000024b       _back_from_native          7100124b f   x86_core.obj
 0001:00000280       _dr_try_start              71001280 f   x86_core.obj
 0001:00000287       _dr_setjmp                 71001287 f   x86_core.obj
 0001:000002a5       _dr_longjmp                710012a5 f   x86_core.obj
 0001:000002c5       _atomic_swap               710012c5 f   x86_core.obj
 0001:000002d0       _cpuid_supported           710012d0 f   x86_core.obj
 0001:000002ea       _our_cpuid                 710012ea f   x86_core.obj
 0001:00000306       _get_frame_ptr             71001306 f   x86_core.obj
 0001:00000309       _dr_fxsave                 71001309 f   x86_core.obj
 0001:00000316       _dr_fnsave                 71001316 f   x86_core.obj
 0001:0000031e       _dr_fxrstor                7100131e f   x86_core.obj
 0001:00000326       _dr_frstor                 71001326 f   x86_core.obj
 0001:0000032d       _call_modcode_alt_stack    7100132d f   x86_core.obj
 0001:00000371       _get_segments_defg         71001371 f   x86_core.obj
 0001:00000398       _get_own_context_helper    71001398 f   x86_core.obj
 0001:000003ee       _get_xmm_caller_saved      710013ee f   x86_core.obj
 0001:00000410       _get_ymm_caller_saved      71001410 f   x86_core.obj
 0001:00000438       _hashlookup_null_handler   71001438 f   x86_core.obj
 0001:0000043e       _get_stack_ptr             7100143e f   x86_core.obj
 0001:00000444       _load_dynamo               71001444 f   x86_core.obj
 0001:00000461       _load_dynamo_failure       71001461 f   x86_core.obj
 0001:00000477       _dynamorio_earliest_init_takeover 71001477 f   x86_core.obj
 0001:0000e0d0       _check_param_bounds        7100f0d0 f   options.obj
 0001:0000e170       _get_dynamo_options_string 7100f170 f   options.obj
 0001:00019ed0       _get_pcache_dynamo_options_string 7101aed0 f   options.obj
 0001:00022950       _has_pcache_dynamo_options 71023950 f   options.obj
 0001:000243f0       _check_list_default_and_append 710253f0 f   options.obj
 0001:00024470       _options_exit              71025470 f   options.obj
 0001:00024480       _options_make_writable     71025480 f   options.obj
 0001:000244b0       _options_restore_readonly  710254b0 f   options.obj
 0001:000244e0       _synchronize_dynamic_options 710254e0 f   options.obj
 0001:00024640       _get_process_options       71025640 f   options.obj
 0001:00024fe0       _options_init              71025fe0 f   options.obj
 0001:00025420       _get_dr_stats              71026420 f   dynamo.obj
 0001:00025430       _standalone_init           71026430 f   dynamo.obj
 0001:00025490       _dynamo_process_exit_with_thread_info 71026490 f   dynamo.obj
 0001:000254a0       _create_new_dynamo_context 710264a0 f   dynamo.obj
 0001:000255e0       _initialize_dynamo_context 710265e0 f   dynamo.obj
 0001:00025680       _create_callback_dcontext  71026680 f   dynamo.obj
 0001:000257c0       _is_thread_initialized     710267c0 f   dynamo.obj
 0001:000257d0       _get_num_threads           710267d0 f   dynamo.obj
 0001:000257e0       _is_last_app_thread        710267e0 f   dynamo.obj
 0001:00025880       _get_list_of_threads       71026880 f   dynamo.obj
 0001:00025890       _thread_lookup             71026890 f   dynamo.obj
 0001:000258f0       _get_thread_num            710268f0 f   dynamo.obj
 0001:00025910       _add_thread                71026910 f   dynamo.obj
 0001:00025a10       _remove_thread             71026a10 f   dynamo.obj
 0001:00025ac0       _dynamo_thread_init        71026ac0 f   dynamo.obj
 0001:00025ce0       _dr_app_start_helper       71026ce0 f   dynamo.obj
 0001:00025d10       _dynamo_thread_under_dynamo 71026d10 f   dynamo.obj
 0001:00025de0       _protect_data_section      71026de0 f   dynamo.obj
 0001:00025f00       _is_on_initstack           71026f00 f   dynamo.obj
 0001:00025f20       _is_on_dstack              71026f20 f   dynamo.obj
 0001:00025f50       _is_currently_on_dstack    71026f50 f   dynamo.obj
 0001:00025f80       _dynamo_process_exit       71026f80 f   dynamo.obj
 0001:00026220       _is_thread_known           71027220 f   dynamo.obj
 0001:00026240       _dynamorio_app_take_over_helper 71027240 f   dynamo.obj
 0001:000266a0       _entering_dynamorio        710276a0 f   dynamo.obj
 0001:000266d0       _exiting_dynamorio         710276d0 f   dynamo.obj
 0001:00026710       _dynamorio_app_init        71027710 f   dynamo.obj
 0001:00026980       _dynamorio_app_exit        71027980 f   dynamo.obj
 0001:00026b80       _dynamo_thread_exit        71027b80 f   dynamo.obj
 0001:00026ba0       _dynamo_other_thread_exit  71027ba0 f   dynamo.obj
 0001:00026eb0       _dynamo_thread_stack_free_and_exit 71027eb0 f   dynamo.obj
 0001:00026f00       _dr_app_setup              71027f00 f   dynamo.obj
 0001:00026f10       _dr_app_cleanup            71027f10 f   dynamo.obj
 0001:00026fd0       _dynamorio_app_init_and_early_takeover 71027fd0 f   dynamo.obj
 0001:00027000       _dynamorio_earliest_init_takeover_C 71028000 f   dynamo.obj
 0001:00027030       _dynamo_shared_exit        71028030 f   dynamo.obj
 0001:00027960       _fragment_initialized      71028960 f   fragment.obj
 0001:00027c30       _fragment_create           71028c30 f   fragment.obj
 0001:00027d40       _fragment_recreate_with_linkstubs 71028d40 f   fragment.obj
 0001:00027ed0       _fragment_free             71028ed0 f   fragment.obj
 0001:000280c0       _fragment_stubs_end_pc     710290c0 f   fragment.obj
 0001:000280f0       _fragment_body_end_pc      710290f0 f   fragment.obj
 0001:00028270       _fragment_get_fragment_delete_mutex 71029270 f   fragment.obj
 0001:000282a0       _fragment_release_fragment_delete_mutex 710292a0 f   fragment.obj
 0001:000283e0       _fragment_lookup           710293e0 f   fragment.obj
 0001:00028400       _fragment_lookup_trace     71029400 f   fragment.obj
 0001:00028420       _fragment_lookup_bb        71029420 f   fragment.obj
 0001:00028440       _fragment_lookup_shared_bb 71029440 f   fragment.obj
 0001:00028460       _fragment_lookup_same_sharing 71029460 f   fragment.obj
 0001:00028490       _fragment_pclookup         71029490 f   fragment.obj
 0001:000284a0       _fragment_pclookup_with_linkstubs 710294a0 f   fragment.obj
 0001:000284f0       _fragment_record_translation_info 710294f0 f   fragment.obj
 0001:000286b0       _fragment_remove_from_ibt_tables 710296b0 f   fragment.obj
 0001:00028880       _fragment_remove           71029880 f   fragment.obj
 0001:00028990       _fragment_replace          71029990 f   fragment.obj
 0001:00028ba0       _fragment_shift_fcache_pointers 71029ba0 f   fragment.obj
 0001:00028d50       _fragment_copy_data_fields 71029d50 f   fragment.obj
 0001:00028dc0       _fragment_delete_future    71029dc0 f   fragment.obj
 0001:00028ef0       _fragment_lookup_future    71029ef0 f   fragment.obj
 0001:00028fe0       _fragment_lookup_private_future 71029fe0 f   fragment.obj
 0001:00029010       _fragment_overlaps         7102a010 f   fragment.obj
 0001:000290e0       _get_flushtime_last_update 7102a0e0 f   fragment.obj
 0001:00029100       _set_flushtime_last_update 7102a100 f   fragment.obj
 0001:00029120       _set_at_syscall            7102a120 f   fragment.obj
 0001:00029140       _get_at_syscall            7102a140 f   fragment.obj
 0001:00029280       _is_self_flushing          7102a280 f   fragment.obj
 0001:000292a0       _is_self_allsynch_flushing 7102a2a0 f   fragment.obj
 0001:000292c0       _is_couldbelinking         7102a2c0 f   fragment.obj
 0001:00029380       _enter_couldbelinking      7102a380 f   fragment.obj
 0001:000293f0       _enter_threadexit          7102a3f0 f   fragment.obj
 0001:00029460       _increment_global_flushtime 7102a460 f   fragment.obj
 0001:00029600       _flush_fragments_unlink_shared 7102a600 f   fragment.obj
 0001:000296c0       _flush_fragments_end_synch 7102a6c0 f   fragment.obj
 0001:000297e0       _flush_fragments_in_region_finish 7102a7e0 f   fragment.obj
 0001:0002a470       _hashtable_coarse_resurrect 7102b470 f   fragment.obj
 0001:0002a4f0       _fragment_coarse_num_entries 7102b4f0 f   fragment.obj
 0001:0002a600       _fragment_coarse_lookup_in_unit 7102b600 f   fragment.obj
 0001:0002a6c0       _fragment_coarse_lookup    7102b6c0 f   fragment.obj
 0001:0002a710       _fragment_coarse_wrapper   7102b710 f   fragment.obj
 0001:0002a740       _fragment_coarse_lookup_wrapper 7102b740 f   fragment.obj
 0001:0002a790       _fragment_lookup_fine_and_coarse 7102b790 f   fragment.obj
 0001:0002a7e0       _fragment_lookup_fine_and_coarse_sharing 7102b7e0 f   fragment.obj
 0001:0002a850       _get_fragment_coarse_info  7102b850 f   fragment.obj
 0001:0002a870       _coarse_is_trace_head_in_own_unit 7102b870 f   fragment.obj
 0001:0002a900       _fragment_coarse_replace   7102b900 f   fragment.obj
 0001:0002a9a0       _fragment_coarse_pclookup  7102b9a0 f   fragment.obj
 0001:0002adf0       _fragment_coarse_htable_persist_size 7102bdf0 f   fragment.obj
 0001:0002ae20       _fragment_coarse_htable_persist 7102be20 f   fragment.obj
 0001:0002ae80       _fragment_coarse_htable_resurrect 7102be80 f   fragment.obj
 0001:0002b410       _fragment_reset_init       7102c410 f   fragment.obj
 0001:0002b610       _fragment_init             7102c610 f   fragment.obj
 0001:0002b740       _fragment_thread_reset_init 7102c740 f   fragment.obj
 0001:0002bb20       _fragment_thread_init      7102cb20 f   fragment.obj
 0001:0002bdd0       _fragment_prepare_for_removal 7102cdd0 f   fragment.obj
 0001:0002c040       _fragment_remove_all_ibl_in_region 7102d040 f   fragment.obj
 0001:0002c0d0       _is_self_couldbelinking    7102d0d0 f   fragment.obj
 0001:0002c430       _flush_fragments_synch_unlink_priv 7102d430 f   fragment.obj
 0001:0002c690       _flush_invalidate_ibl_shared_target 7102d690 f   fragment.obj
 0001:0002c710       _fragment_output           7102d710 f   fragment.obj
 0001:0002c960       _fragment_coarse_htable_create 7102d960 f   fragment.obj
 0001:0002cbd0       _fragment_coarse_htable_free 7102dbd0 f   fragment.obj
 0001:0002cfd0       _fragment_delete           7102dfd0 f   fragment.obj
 0001:0002d1c0       _fragment_remove_shared_no_flush 7102e1c0 f   fragment.obj
 0001:0002d2e0       _fragment_unlink_for_deletion 7102e2e0 f   fragment.obj
 0001:0002d450       _fragment_self_write       7102e450 f   fragment.obj
 0001:0002d580       _flush_fragments_in_region_start 7102e580 f   fragment.obj
 0001:0002d720       _flush_fragments_and_remove_region 7102e720 f   fragment.obj
 0001:0002d760       _flush_fragments_from_region 7102e760 f   fragment.obj
 0001:0002d790       _invalidate_code_cache     7102e790 f   fragment.obj
 0001:0002de80       _fragment_reset_free       7102ee80 f   fragment.obj
 0001:0002e090       _fragment_thread_reset_free 7102f090 f   fragment.obj
 0001:0002e0e0       _fragment_thread_exit      7102f0e0 f   fragment.obj
 0001:0002e2d0       _fragment_add_ibl_target   7102f2d0 f   fragment.obj
 0001:0002e520       _enter_nolinking           7102f520 f   fragment.obj
 0001:0002e7b0       _fragment_coarse_htable_merge 7102f7b0 f   fragment.obj
 0001:0002e880       _fragment_coarse_add       7102f880 f   fragment.obj
 0001:0002e8e0       _fragment_coarse_th_unlink_and_add 7102f8e0 f   fragment.obj
 0001:0002e970       _fragment_coarse_th_add    7102f970 f   fragment.obj
 0001:0002e9d0       _fragment_coarse_entry_pclookup 7102f9d0 f   fragment.obj
 0001:0002ef50       _fragment_coarse_unit_freeze 7102ff50 f   fragment.obj
 0001:0002f150       _fragment_exit             71030150 f   fragment.obj
 0001:0002f3c0       _fragment_add              710303c0 f   fragment.obj
 0001:0002f460       _fragment_create_and_add_future 71030460 f   fragment.obj
 0001:0002f580       _fcache_check_option_compatibility 71030580 f   fcache.obj
 0001:0002fc30       _fcache_profile_exit       71030c30 f   fcache.obj
 0001:0002fc90       _fcache_fragment_pclookup  71030c90 f   fcache.obj
 0001:0002fe00       _fcache_is_writable        71030e00 f   fcache.obj
 0001:0002fe20       _fcache_change_fragment_protection 71030e20 f   fcache.obj
 0001:0002feb0       _in_fcache                 71030eb0 f   fcache.obj
 0001:00030620       _fcache_thread_init        71031620 f   fcache.obj
 0001:000306c0       _fcache_thread_exit        710316c0 f   fcache.obj
 0001:00030e60       _fcache_shift_start_pc     71031e60 f   fcache.obj
 0001:00030f00       _fcache_is_flush_pending   71031f00 f   fcache.obj
 0001:00031130       _fcache_flush_pending_units 71032130 f   fcache.obj
 0001:000314c0       _fcache_free_pending_units 710324c0 f   fcache.obj
 0001:00031530       _schedule_reset            71032530 f   fcache.obj
 0001:00031570       _fcache_low_on_memory      71032570 f   fcache.obj
 0001:00031780       _get_fcache_coarse_info    71032780 f   fcache.obj
 0001:000317a0       _fcache_coarse_cache_delete 710327a0 f   fcache.obj
 0001:000317d0       _coarse_frozen_cache_size  710327d0 f   fcache.obj
 0001:000317f0       _fcache_coarse_set_info    710327f0 f   fcache.obj
 0001:000319b0       _fcache_exit               710329b0 f   fcache.obj
 0001:00032ff0       _fcache_return_extra_space 71033ff0 f   fcache.obj
 0001:00033b70       _fcache_add_fragment       71034b70 f   fcache.obj
 0001:00033c90       _fcache_remove_fragment    71034c90 f   fcache.obj
 0001:00033de0       _fcache_coarse_init_frozen 71034de0 f   fcache.obj
 0001:00033e80       _fcache_init               71034e80 f   fcache.obj
 0001:00033f40       _fcache_reset_all_caches_proactively 71034f40 f   fcache.obj
 0001:00034130       _link_reset_init           71035130 f   link.obj
 0001:00034160       _link_reset_free           71035160 f   link.obj
 0001:00034180       _link_thread_init          71035180 f   link.obj
 0001:000341d0       _link_thread_exit          710351d0 f   link.obj
 0001:000341f0       _linkstub_size             710351f0 f   link.obj
 0001:00034260       _linkstub_propagatable_flags 71035260 f   link.obj
 0001:00034270       _linkstub_frag_offs_at_end 71035270 f   link.obj
 0001:000342c0       _linkstubs_heap_size       710352c0 f   link.obj
 0001:00034320       _linkstub_fragment         71035320 f   link.obj
 0001:00034470       _set_last_exit             71035470 f   link.obj
 0001:000344a0       _last_exit_deleted         710354a0 f   link.obj
 0001:00034670       _get_last_linkstub_ordinal 71035670 f   link.obj
 0001:00034680       _get_deleted_linkstub      71035680 f   link.obj
 0001:00034690       _get_starting_linkstub     71035690 f   link.obj
 0001:000346a0       _get_reset_linkstub        710356a0 f   link.obj
 0001:000346b0       _get_syscall_linkstub      710356b0 f   link.obj
 0001:000346c0       _get_selfmod_linkstub      710356c0 f   link.obj
 0001:000346d0       _get_ibl_deleted_linkstub  710356d0 f   link.obj
 0001:000346e0       _get_asynch_linkstub       710356e0 f   link.obj
 0001:000346f0       _get_native_exec_linkstub  710356f0 f   link.obj
 0001:00034700       _get_native_exec_syscall_linkstub 71035700 f   link.obj
 0001:00034710       _get_shared_syscalls_unlinked_linkstub 71035710 f   link.obj
 0001:00034720       _get_shared_syscalls_trace_linkstub 71035720 f   link.obj
 0001:00034730       _get_shared_syscalls_bb_linkstub 71035730 f   link.obj
 0001:00034740       _get_client_linkstub       71035740 f   link.obj
 0001:00034750       _is_ibl_sourceless_linkstub 71035750 f   link.obj
 0001:00034790       _get_ibl_sourceless_linkstub 71035790 f   link.obj
 0001:000347e0       _get_coarse_exit_linkstub  710357e0 f   link.obj
 0001:000347f0       _get_coarse_trace_head_exit_linkstub 710357f0 f   link.obj
 0001:00034800       _local_exit_stub_size      71035800 f   link.obj
 0001:000348c0       _separate_stub_create      710358c0 f   link.obj
 0001:000349f0       _linkstub_shares_next_stub 710359f0 f   link.obj
 0001:00034b70       _linkstub_free_exitstubs   71035b70 f   link.obj
 0001:00034cc0       _linkstubs_shift           71035cc0 f   link.obj
 0001:00034d70       _is_linkable               71035d70 f   link.obj
 0001:00035310       _link_fragment_incoming    71036310 f   link.obj
 0001:00035430       _unlink_fragment_incoming  71036430 f   link.obj
 0001:00035560       _unlink_fragment_outgoing  71036560 f   link.obj
 0001:00035690       _coarse_stubs_create       71036690 f   link.obj
 0001:00035770       _coarse_stubs_delete       71036770 f   link.obj
 0001:00035890       _fcache_return_coarse_prefix 71036890 f   link.obj
 0001:000358c0       _trace_head_return_coarse_prefix 710368c0 f   link.obj
 0001:000358f0       _get_coarse_ibl_prefix     710368f0 f   link.obj
 0001:00035930       _get_stub_coarse_info      71036930 f   link.obj
 0001:00035950       _coarse_frozen_stub_size   71036950 f   link.obj
 0001:00035aa0       _coarse_unit_shift_links   71036aa0 f   link.obj
 0001:00035c90       _coarse_stubs_set_info     71036c90 f   link.obj
 0001:00035cb0       _coarse_stubs_set_end_pc   71036cb0 f   link.obj
 0001:00035cd0       _link_init                 71036cd0 f   link.obj
 0001:00035d00       _link_exit                 71036d00 f   link.obj
 0001:00035d40       _linkstubs_init            71036d40 f   link.obj
 0001:00035db0       _set_coarse_ibl_exit       71036db0 f   link.obj
 0001:00035e10       _should_separate_stub      71036e10 f   link.obj
 0001:00036040       _link_fragment_outgoing    71037040 f   link.obj
 0001:00036880       _coarse_remove_outgoing    71037880 f   link.obj
 0001:000369b0       _coarse_mark_trace_head    710379b0 f   link.obj
 0001:00036a00       _coarse_unit_unlink_outgoing 71037a00 f   link.obj
 0001:00036ae0       _coarse_lazy_link          71037ae0 f   link.obj
 0001:00036cd0       _in_coarse_stub_prefixes   71037cd0 f   link.obj
 0001:00036d20       _coarse_deref_ibl_prefix   71037d20 f   link.obj
 0001:00036d50       _coarse_update_outgoing    71037d50 f   link.obj
 0001:00036e70       _link_new_fragment         71037e70 f   link.obj
 0001:00036f10       _shift_links_to_new_fragment 71037f10 f   link.obj
 0001:00037710       _coarse_unit_unlink        71038710 f   link.obj
 0001:000378c0       _incoming_remove_fragment  710388c0 f   link.obj
 0001:00037ad0       _is_stopping_point         71038ad0 f   dispatch.obj
 0001:00038bb0       _handle_system_call        71039bb0 f   dispatch.obj
 0001:000391e0       _issue_last_system_call_from_app 7103a1e0 f   dispatch.obj
 0001:000399d0       _dispatch                  7103a9d0 f   dispatch.obj
 0001:00039e30       _transfer_to_dispatch      7103ae30 f   dispatch.obj
 0001:00039eb0       _final_exit_shares_prev_stub 7103aeb0 f   emit.obj
 0001:00039f40       _set_linkstub_fields       7103af40 f   emit.obj
 0001:0003ac30       _emit_invisible_fragment   7103bc30 f   emit.obj
 0001:0003ac60       _emit_fragment             7103bc60 f   emit.obj
 0001:0003ac90       _emit_fragment_ex          7103bc90 f   emit.obj
 0001:0003acc0       _emit_fragment_as_replacement 7103bcc0 f   emit.obj
 0001:0003acf0       _utils_init                7103bcf0 f   utils.obj
 0001:0003ad20       _spinmutex_trylock         7103bd20 f   utils.obj
 0001:0003ad40       _spinmutex_lock            7103bd40 f   utils.obj
 0001:0003ad70       _spinmutex_lock_no_yield   7103bd70 f   utils.obj
 0001:0003ada0       _spinmutex_unlock          7103bda0 f   utils.obj
 0001:0003adb0       _mutex_trylock             7103bdb0 f   utils.obj
 0001:0003adf0       _mutex_unlock              7103bdf0 f   utils.obj
 0001:0003ae20       _try_recursive_lock        7103be20 f   utils.obj
 0001:0003ae80       _release_recursive_lock    7103be80 f   utils.obj
 0001:0003aec0       _self_owns_recursive_lock  7103bec0 f   utils.obj
 0001:0003aee0       _read_lock                 7103bee0 f   utils.obj
 0001:0003afc0       _write_trylock             7103bfc0 f   utils.obj
 0001:0003b040       _read_unlock               7103c040 f   utils.obj
 0001:0003b090       _write_unlock              7103c090 f   utils.obj
 0001:0003b110       _self_owns_write_lock      7103c110 f   utils.obj
 0001:0003b130       _hash_value                7103c130 f   utils.obj
 0001:0003b160       _hashtable_num_bits        7103c160 f   utils.obj
 0001:0003b280       _bitmap_initialize_free    7103c280 f   utils.obj
 0001:0003b2a0       _bitmap_allocate_blocks    7103c2a0 f   utils.obj
 0001:0003b300       _bitmap_free_blocks        7103c300 f   utils.obj
 0001:0003b330       _do_file_write             7103c330 f   utils.obj
 0001:0003b3a0       _divide_uint64_print       7103c3a0 f   utils.obj
 0001:0003b430       _double_print              7103c430 f   utils.obj
 0001:0003b4f0       _print_file                7103c4f0 f   utils.obj
 0001:0003b510       _print_to_buffer           7103c510 f   utils.obj
 0001:0003b5a0       _notify                    7103c5a0 f   utils.obj
 0001:0003b690       _is_readable_without_exception_try 7103c690 f   utils.obj
 0001:0003b740       _is_string_readable_without_exception 7103c740 f   utils.obj
 0001:0003b850       _double_strchr             7103c850 f   utils.obj
 0001:0003b880       _wcsnlen                   7103c880 f   utils.obj
 0001:0003b910       _str_case_prefix           7103c910 f   utils.obj
 0001:0003ba20       _check_filter              7103ca20 f   utils.obj
 0001:0003ba40       _check_filter_with_wildcards 7103ca40 f   utils.obj
 0001:0003ba60       _get_short_name            7103ca60 f   utils.obj
 0001:0003bac0       _dump_buffer_as_bytes      7103cac0 f   utils.obj
 0001:0003be50       _print_xml_cdata           7103ce50 f   utils.obj
 0001:0003bed0       _print_version_and_app_info 7103ced0 f   utils.obj
 0001:0003bf40       _utils_exit                7103cf40 f   utils.obj
 0001:0003bf80       _set_random_seed           7103cf80 f   utils.obj
 0001:0003bf90       _get_random_seed           7103cf90 f   utils.obj
 0001:0003bfa0       _convert_millis_to_date    7103cfa0 f   utils.obj
 0001:0003c210       _crc32                     7103d210 f   utils.obj
 0001:0003c250       _MD5Init                   7103d250 f   utils.obj
 0001:0003c8a0       _check_low_disk_threshold  7103d8a0 f   utils.obj
 0001:0003c900       _md5_digests_equal         7103d900 f   utils.obj
 0001:0003c970       _region_intersection       7103d970 f   utils.obj
 0001:0003c9b0       _dr_strdup                 7103d9b0 f   utils.obj
 0001:0003c9f0       _dr_wstrdup                7103d9f0 f   utils.obj
 0001:0003ca80       _dr_strfree                7103da80 f   utils.obj
 0001:0003cab0       _mutex_delete              7103dab0 f   utils.obj
 0001:0003cab0       _spinmutex_delete          7103dab0 f   utils.obj
 0001:0003cad0       _mutex_lock                7103dad0 f   utils.obj
 0001:0003cb30       _acquire_recursive_lock    7103db30 f   utils.obj
 0001:0003cb60       _write_lock                7103db60 f   utils.obj
 0001:0003cbc0       _report_dynamorio_problem  7103dbc0 f   utils.obj
 0001:0003ce20       _create_log_dir            7103de20 f   utils.obj
 0001:0003d090       _get_log_dir               7103e090 f   utils.obj
 0001:0003d180       _open_log_file             7103e180 f   utils.obj
 0001:0003d290       _get_random_offset         7103e290 f   utils.obj
 0001:0003d310       _MD5Update                 7103e310 f   utils.obj
 0001:0003d460       _MD5Final                  7103e460 f   utils.obj
 0001:0003d500       _module_digests_equal      7103e500 f   utils.obj
 0001:0003d550       _external_error            7103e550 f   utils.obj
 0001:0003d600       _get_unique_logfile        7103e600 f   utils.obj
 0001:0003d770       _my_getenv                 7103e770 f   config.obj
 0001:0003d7e0       _get_config_val            7103e7e0 f   config.obj
 0001:0003ddb0       _config_reread             7103edb0 f   config.obj
 0001:0003df30       _get_config_val_other_app  7103ef30 f   config.obj
 0001:0003df70       _config_init               7103ef70 f   config.obj
 0001:0003dfa0       _config_exit               7103efa0 f   config.obj
 0001:0003dfc0       _get_parameter_ex          7103efc0 f   config.obj
 0001:0003e010       _get_parameter             7103f010 f   config.obj
 0001:0003e600       _kstat_init                7103f600 f   stats.obj
 0001:0003eb10       _kstat_thread_init         7103fb10 f   stats.obj
 0001:0003f8b0       _kstat_exit                710408b0 f   stats.obj
 0001:0003f910       _dump_thread_kstats        71040910 f   stats.obj
 0001:0003f970       _kstat_thread_exit         71040970 f   stats.obj
 0001:0003fb50       _print_vmm_heap_data       71040b50 f   heap.obj
 0001:0003fc20       _is_vmm_reserved_address   71040c20 f   heap.obj
 0001:00040130       _vmm_heap_exit             71041130 f   heap.obj
 0001:00040150       _heap_check_option_compatibility 71041150 f   heap.obj
 0001:000403b0       _lockwise_safe_to_allocate_memory 710413b0 f   heap.obj
 0001:00040460       _heap_mmap_retract_commitment 71041460 f   heap.obj
 0001:00040480       _heap_munmap_ex            71041480 f   heap.obj
 0001:000404a0       _heap_munmap               710414a0 f   heap.obj
 0001:00040590       _stack_free                71041590 f   heap.obj
 0001:00040680       _map_file                  71041680 f   heap.obj
 0001:00040710       _unmap_file                71041710 f   heap.obj
 0001:00040780       _heap_vmareas_synch_units  71041780 f   heap.obj
 0001:000409b0       _local_heap_protected      710419b0 f   heap.obj
 0001:00040a20       _protect_local_heap        71041a20 f   heap.obj
 0001:00040a70       _protect_global_heap       71041a70 f   heap.obj
 0001:00040b00       _special_heap_set_vector_data 71041b00 f   heap.obj
 0001:00040b30       _special_heap_set_unit_end 71041b30 f   heap.obj
 0001:00040b60       _special_heap_profile_exit 71041b60 f   heap.obj
 0001:00040c30       _special_heap_cfree        71041c30 f   heap.obj
 0001:00040c90       _special_heap_free         71041c90 f   heap.obj
 0001:00040ce0       _special_heap_iterator_start 71041ce0 f   heap.obj
 0001:00040d10       _special_heap_iterator_hasnext 71041d10 f   heap.obj
 0001:00040d20       _special_heap_iterator_next 71041d20 f   heap.obj
 0001:00040d50       _special_heap_iterator_stop 71041d50 f   heap.obj
 0001:00040d70       _landing_pads_to_executable_areas 71041d70 f   heap.obj
 0001:00040f30       _vmm_heap_init             71041f30 f   heap.obj
 0001:00041370       _heap_mmap_ex              71042370 f   heap.obj
 0001:00041390       _heap_mmap_reserve         71042390 f   heap.obj
 0001:000413b0       _heap_mmap_extend_commitment 710423b0 f   heap.obj
 0001:00041410       _heap_mmap_reserve_post_stack 71042410 f   heap.obj
 0001:000415e0       _heap_munmap_post_stack    710425e0 f   heap.obj
 0001:000416a0       _heap_mmap                 710426a0 f   heap.obj
 0001:000416c0       _stack_alloc               710426c0 f   heap.obj
 0001:00041a50       _heap_thread_reset_init    71042a50 f   heap.obj
 0001:00041a80       _heap_thread_reset_free    71042a80 f   heap.obj
 0001:00041e80       _heap_reset_init           71042e80 f   heap.obj
 0001:00041eb0       _heap_reset_free           71042eb0 f   heap.obj
 0001:00042020       _global_heap_alloc         71043020 f   heap.obj
 0001:00042040       _global_heap_free          71043040 f   heap.obj
 0001:00042060       _global_heap_realloc       71043060 f   heap.obj
 0001:000420c0       _heap_thread_init          710430c0 f   heap.obj
 0001:00042160       _heap_thread_exit          71043160 f   heap.obj
 0001:00042210       _heap_alloc                71043210 f   heap.obj
 0001:00042250       _heap_free                 71043250 f   heap.obj
 0001:000422a0       _global_unprotected_heap_alloc 710432a0 f   heap.obj
 0001:000422c0       _global_unprotected_heap_free 710432c0 f   heap.obj
 0001:000422e0       _nonpersistent_heap_alloc  710432e0 f   heap.obj
 0001:00042350       _nonpersistent_heap_free   71043350 f   heap.obj
 0001:00042660       _special_heap_init         71043660 f   heap.obj
 0001:00042690       _special_heap_pclookup_init 71043690 f   heap.obj
 0001:000426a0       _special_heap_exit         710436a0 f   heap.obj
 0001:00042970       _special_heap_calloc       71043970 f   heap.obj
 0001:00042ad0       _special_heap_alloc        71043ad0 f   heap.obj
 0001:00042bc0       _alloc_landing_pad         71043bc0 f   heap.obj
 0001:00042f80       _heap_init                 71043f80 f   heap.obj
 0001:000431c0       _heap_exit                 710441c0 f   heap.obj
 0001:00043350       _instrlist_init            71044350 f   instrlist.obj
 0001:00043370       _instrlist_destroy         71044370 f   instrlist.obj
 0001:00043390       _instrlist_set_fall_through_target 71044390 f   instrlist.obj
 0001:00043390       _instrlist_set_return_target 71044390 f   instrlist.obj
 0001:000433a0       _instrlist_get_return_target 710443a0 f   instrlist.obj
 0001:000433a0       _instrlist_get_fall_through_target 710443a0 f   instrlist.obj
 0001:000433b0       _instrlist_set_translation_target 710443b0 f   instrlist.obj
 0001:000433c0       _instrlist_get_translation_target 710443c0 f   instrlist.obj
 0001:000433c0       _instr_get_translation     710443c0 f   instr.obj
 0001:000433c0       _instr_get_app_pc          710443c0 f   instr.obj
 0001:000433d0       _instrlist_set_our_mangling 710443d0 f   instrlist.obj
 0001:000433f0       _instrlist_first           710443f0 f   instrlist.obj
 0001:00043400       _instrlist_append          71044400 f   instrlist.obj
 0001:000434d0       _instrlist_prepend         710444d0 f   instrlist.obj
 0001:000435a0       _instrlist_preinsert       710445a0 f   instrlist.obj
 0001:000436a0       _instrlist_postinsert      710446a0 f   instrlist.obj
 0001:000437a0       _instrlist_remove          710447a0 f   instrlist.obj
 0001:00043830       _instrlist_create          71044830 f   instrlist.obj
 0001:00043850       _instrlist_clear           71044850 f   instrlist.obj
 0001:00043880       _instrlist_clear_and_destroy 71044880 f   instrlist.obj
 0001:000438c0       _instrlist_replace         710448c0 f   instrlist.obj
 0001:00043910       _instrlist_clone           71044910 f   instrlist.obj
 0001:00044010       _monitor_exit              71045010 f   monitor.obj
 0001:00044120       _thcounter_range_remove    71045120 f   monitor.obj
 0001:000441a0       _is_building_trace         710451a0 f   monitor.obj
 0001:000441c0       _cur_trace_vmlist          710451c0 f   monitor.obj
 0001:000442a0       _monitor_delete_would_abort_trace 710452a0 f   monitor.obj
 0001:00044390       _mark_trace_head           71045390 f   monitor.obj
 0001:00044610       _should_be_trace_head      71045610 f   monitor.obj
 0001:000446a0       _monitor_is_linkable       710456a0 f   monitor.obj
 0001:00044ba0       _monitor_cache_exit        71045ba0 f   monitor.obj
 0001:00044ca0       _trace_abort               71045ca0 f   monitor.obj
 0001:00044d40       _monitor_thread_reset_free 71045d40 f   monitor.obj
 0001:00044da0       _monitor_thread_init       71045da0 f   monitor.obj
 0001:00044e50       _monitor_thread_exit       71045e50 f   monitor.obj
 0001:00044e60       _monitor_remove_fragment   71045e60 f   monitor.obj
 0001:00045500       _monitor_cache_enter       71046500 f   monitor.obj
 0001:000461d0       _revert_memory_regions     710471d0 f   vmareas.obj
 0001:00046530       _vmvector_set_callbacks    71047530 f   vmareas.obj
 0001:000465a0       _vmvector_print            710475a0 f   vmareas.obj
 0001:00046620       _vmvector_overlap          71047620 f   vmareas.obj
 0001:000466a0       _vmvector_lookup_prev_next 710476a0 f   vmareas.obj
 0001:00046790       _vmvector_modify_data      71047790 f   vmareas.obj
 0001:00046820       _vmvector_create_vector    71047820 f   vmareas.obj
 0001:00046850       _vmvector_reset_vector     71047850 f   vmareas.obj
 0001:00046890       _vmvector_delete_vector    71047890 f   vmareas.obj
 0001:00046910       _vmvector_iterator_start   71047910 f   vmareas.obj
 0001:00046950       _vmvector_iterator_hasnext 71047950 f   vmareas.obj
 0001:00046970       _vmvector_iterator_startover 71047970 f   vmareas.obj
 0001:00046980       _vmvector_iterator_peek    71047980 f   vmareas.obj
 0001:000469d0       _vmvector_iterator_next    710479d0 f   vmareas.obj
 0001:00046a20       _vmvector_iterator_stop    71047a20 f   vmareas.obj
 0001:00046a60       _print_executable_areas    71047a60 f   vmareas.obj
 0001:00046a90       _get_executable_area_vm_flags 71047a90 f   vmareas.obj
 0001:00046b10       _get_executable_area_flags 71047b10 f   vmareas.obj
 0001:00046b90       _mark_executable_area_coarse_frozen 71047b90 f   vmareas.obj
 0001:00046d20       _is_executable_area_writable 71047d20 f   vmareas.obj
 0001:00046d60       _executable_vm_area_coarse_overlap 71047d60 f   vmareas.obj
 0001:00046da0       _executable_vm_area_executed_from 71047da0 f   vmareas.obj
 0001:00046de0       _executable_area_overlap_bounds 71047de0 f   vmareas.obj
 0001:00046fc0       _is_executable_area_on_all_selfmod_pages 71047fc0 f   vmareas.obj
 0001:00047020       _mark_dynamo_vm_areas_stale 71048020 f   vmareas.obj
 0001:00047030       _dynamo_vm_areas_lock      71048030 f   vmareas.obj
 0001:00047070       _dynamo_vm_areas_unlock    71048070 f   vmareas.obj
 0001:000470a0       _self_owns_dynamo_vm_area_lock 710480a0 f   vmareas.obj
 0001:000470d0       _is_dynamo_area_buffer     710480d0 f   vmareas.obj
 0001:000470f0       _is_pretend_writable_address 710480f0 f   vmareas.obj
 0001:00047130       _executable_vm_area_overlap 71048130 f   vmareas.obj
 0001:00047180       _executable_areas_lock     71048180 f   vmareas.obj
 0001:00047190       _executable_areas_unlock   71048190 f   vmareas.obj
 0001:00047230       _is_address_on_stack       71048230 f   vmareas.obj
 0001:000472c0       _is_driver_address         710482c0 f   vmareas.obj
 0001:000473e0       _app_memory_deallocation   710483e0 f   vmareas.obj
 0001:00047440       _tamper_resistant_region_add 71048440 f   vmareas.obj
 0001:00047520       _set_thread_decode_page_start 71048520 f   vmareas.obj
 0001:00047540       _check_in_last_thread_vm_area 71048540 f   vmareas.obj
 0001:000476a0       _acquire_vm_areas_lock     710486a0 f   vmareas.obj
 0001:000476e0       _release_vm_areas_lock     710486e0 f   vmareas.obj
 0001:00047720       _vm_list_overlaps          71048720 f   vmareas.obj
 0001:00047b10       _vm_area_remove_fragment   71048b10 f   vmareas.obj
 0001:00047c50       _remove_from_lazy_deletion_list 71048c50 f   vmareas.obj
 0001:00047d70       _add_to_lazy_deletion_list 71048d70 f   vmareas.obj
 0001:00047e80       _unlink_fragments_for_deletion 71048e80 f   vmareas.obj
 0001:00047f80       _vm_area_check_shared_pending 71048f80 f   vmareas.obj
 0001:00048170       _vm_area_coarse_units_reset_free 71049170 f   vmareas.obj
 0001:000483f0       _vm_area_coarse_units_freeze 710493f0 f   vmareas.obj
 0001:00048490       _thread_vm_area_overlap    71049490 f   vmareas.obj
 0001:00048500       _vm_area_selfmod_check_clear_exec_count 71049500 f   vmareas.obj
 0001:00048650       _mark_unload_start         71049650 f   vmareas.obj
 0001:00048690       _mark_unload_end           71049690 f   vmareas.obj
 0001:000486c0       _is_in_last_unloaded_region 710496c0 f   vmareas.obj
 0001:00048710       _is_unreadable_or_currently_unloaded_region 71049710 f   vmareas.obj
 0001:00048750       _print_last_deallocated    71049750 f   vmareas.obj
 0001:00048f30       _vm_areas_reset_init       71049f30 f   vmareas.obj
 0001:00048f90       _dynamo_vm_areas_init      71049f90 f   vmareas.obj
 0001:00048ff0       _vm_areas_init             71049ff0 f   vmareas.obj
 0001:00049310       _vm_areas_reset_free       7104a310 f   vmareas.obj
 0001:00049370       _vm_areas_exit             7104a370 f   vmareas.obj
 0001:000494d0       _vm_areas_thread_reset_init 7104a4d0 f   vmareas.obj
 0001:00049540       _vm_areas_thread_init      7104a540 f   vmareas.obj
 0001:00049560       _vm_areas_thread_reset_free 7104a560 f   vmareas.obj
 0001:00049560       _vm_areas_thread_exit      7104a560 f   vmareas.obj
 0001:000495b0       _vmvector_add              7104a5b0 f   vmareas.obj
 0001:00049620       _vmvector_remove           7104a620 f   vmareas.obj
 0001:00049690       _vmvector_remove_containing_area 7104a690 f   vmareas.obj
 0001:00049730       _vmvector_lookup           7104a730 f   vmareas.obj
 0001:00049dc0       _add_executable_region     7104adc0 f   vmareas.obj
 0001:00049e40       _remove_executable_region  7104ae40 f   vmareas.obj
 0001:00049e60       _vm_area_delay_load_coarse_units 7104ae60 f   vmareas.obj
 0001:00049f50       _free_nonexec_coarse_and_unlock 7104af50 f   vmareas.obj
 0001:0004a150       _get_executable_area_coarse_info 7104b150 f   vmareas.obj
 0001:0004a250       _add_dynamo_vm_area        7104b250 f   vmareas.obj
 0001:0004a2d0       _remove_dynamo_vm_area     7104b2d0 f   vmareas.obj
 0001:0004a320       _add_dynamo_heap_vm_area   7104b320 f   vmareas.obj
 0001:0004a360       _remove_dynamo_heap_areas  7104b360 f   vmareas.obj
 0001:0004a3c0       _is_dynamo_address         7104b3c0 f   vmareas.obj
 0001:0004a410       _dynamo_vm_area_overlap    7104b410 f   vmareas.obj
 0001:0004a460       _app_memory_allocation     7104b460 f   vmareas.obj
 0001:0004a530       _app_memory_protection_change 7104b530 f   vmareas.obj
 0001:0004a920       _vm_area_add_to_list       7104b920 f   vmareas.obj
 0001:0004ac90       _vm_area_destroy_list      7104bc90 f   vmareas.obj
 0001:0004aca0       _vm_area_unlink_fragments  7104bca0 f   vmareas.obj
 0001:0004af50       _vm_area_flush_fragments   7104bf50 f   vmareas.obj
 0001:0004b100       _vm_area_allsynch_flush_fragments 7104c100 f   vmareas.obj
 0001:0004b350       _handle_modified_code      7104c350 f   vmareas.obj
 0001:0004b7d0       _get_selfmod_exec_counter  7104c7d0 f   vmareas.obj
 0001:0004b8a0       _was_executable_area_writable 7104c8a0 f   vmareas.obj
 0001:0004b930       _check_thread_vm_area_abort 7104c930 f   vmareas.obj
 0001:0004b9e0       _check_thread_vm_area      7104c9e0 f   vmareas.obj
 0001:0004c590       _vm_area_add_fragment      7104d590 f   vmareas.obj
 0001:0004c800       _hashtable_bits_given_entries 7104d800 f   hashtable.obj
 0001:0004c9f0       _generic_hash_destroy      7104d9f0 f   hashtable.obj
 0001:0004caa0       _generic_hash_lookup       7104daa0 f   hashtable.obj
 0001:0004cac0       _generic_hash_remove       7104dac0 f   hashtable.obj
 0001:0004cc00       _hashtable_generic_clear   7104dc00 f   hashtable.obj
 0001:0004cd10       _generic_hash_create       7104dd10 f   hashtable.obj
 0001:0004cd90       _generic_hash_clear        7104dd90 f   hashtable.obj
 0001:0004d0e0       _generic_hash_add          7104e0e0 f   hashtable.obj
 0001:0004d110       _os_get_module_info_lock   7104e110 f   module_list.obj
 0001:0004d130       _os_get_module_info_unlock 7104e130 f   module_list.obj
 0001:0004d150       _os_get_module_info_write_lock 7104e150 f   module_list.obj
 0001:0004d170       _os_get_module_info_write_unlock 7104e170 f   module_list.obj
 0001:0004d190       _modules_init              7104e190 f   module_list.obj
 0001:0004d1e0       _is_module_list_initialized 7104e1e0 f   module_list.obj
 0001:0004d1f0       _modules_reset_list        7104e1f0 f   module_list.obj
 0001:0004d2c0       _modules_exit              7104e2c0 f   module_list.obj
 0001:0004d2f0       _module_list_add_mapping   7104e2f0 f   module_list.obj
 0001:0004d310       _module_list_remove_mapping 7104e310 f   module_list.obj
 0001:0004d320       _module_list_add           7104e320 f   module_list.obj
 0001:0004d3b0       _module_list_remove        7104e3b0 f   module_list.obj
 0001:0004d490       _module_pc_lookup          7104e490 f   module_list.obj
 0001:0004d4b0       _os_get_module_name        7104e4b0 f   module_list.obj
 0001:0004d510       _os_module_get_view_size   7104e510 f   module_list.obj
 0001:0004d560       _module_iterator_start     7104e560 f   module_list.obj
 0001:0004d5a0       _module_iterator_hasnext   7104e5a0 f   module_list.obj
 0001:0004d600       _module_iterator_next      7104e600 f   module_list.obj
 0001:0004d620       _module_iterator_stop      7104e620 f   module_list.obj
 0001:0004d7c0       _module_calculate_digest   7104e7c0 f   module_list.obj
 0001:0004da40       _os_module_set_flag        7104ea40 f   module_list.obj
 0001:0004da60       _os_module_clear_flag      7104ea60 f   module_list.obj
 0001:0004da80       _os_module_get_flag        7104ea80 f   module_list.obj
 0001:0004dbc0       _os_get_module_name_strdup 7104ebc0 f   module_list.obj
 0001:0004dc30       _os_get_module_name_buf_strdup 7104ec30 f   module_list.obj
 0001:0004ddc0       _moduledb_process_image    7104edc0 f   moduledb.obj
 0001:0004de60       _moduledb_init             7104ee60 f   moduledb.obj
 0001:0004de80       _moduledb_exit             7104ee80 f   moduledb.obj
 0001:0004ded0       _print_moduledb_exempt_lists 7104eed0 f   moduledb.obj
 0001:0004df70       _coarse_unit_mark_in_use   7104ef70 f   perscache.obj
 0001:0004dfb0       _coarse_unit_free          7104efb0 f   perscache.obj
 0001:0004e000       _coarse_unit_init          7104f000 f   perscache.obj
 0001:0004e160       _coarse_unit_reset_free    7104f160 f   perscache.obj
 0001:0004e1f0       _coarse_units_freeze_all   7104f1f0 f   perscache.obj
 0001:0004e770       _transfer_coarse_stub      7104f770 f   perscache.obj
 0001:0004e860       _transfer_coarse_stub_fix_trace_head 7104f860 f   perscache.obj
 0001:0004e960       _transfer_coarse_fragment  7104f960 f   perscache.obj
 0001:0004f5d0       _perscache_dirname         710505d0 f   perscache.obj
 0001:0004f6f0       _coarse_unit_check_persist_space 710506f0 f   perscache.obj
 0001:00050070       _instrument_persist_section 71051070 f   perscache.obj
 0001:00050260       _coarse_unit_create        71051260 f   perscache.obj
 0001:000503c0       _perscache_init            710513c0 f   perscache.obj
 0001:00050450       _perscache_fast_exit       71051450 f   perscache.obj
 0001:00050490       _coarse_unit_freeze        71051490 f   perscache.obj
 0001:00050640       _coarse_unit_merge         71051640 f   perscache.obj
 0001:000509d0       _coarse_unit_load          710519d0 f   perscache.obj
 0001:00051420       _coarse_unit_persist       71052420 f   perscache.obj
 0001:00051d20       _generic_nudge_handler     71052d20 f   nudge.obj
 0001:00051eb0       _generic_nudge_target      71052eb0 f   nudge.obj
 0001:00051ed0       _nudge_internal            71052ed0 f   nudge.obj
 0001:00051fa0       _synch_exit                71052fa0 f   synch.obj
 0001:00051fb0       _synch_thread_init         71052fb0 f   synch.obj
 0001:00052010       _synch_thread_exit         71053010 f   synch.obj
 0001:00052070       _thread_synch_state_no_xfer 71053070 f   synch.obj
 0001:00052090       _thread_synch_successful   71053090 f   synch.obj
 0001:000520b0       _is_at_do_syscall          710530b0 f   synch.obj
 0001:00052250       _translate_mcontext        71053250 f   synch.obj
 0001:000523a0       _at_safe_spot              710533a0 f   synch.obj
 0001:000524e0       _should_wait_at_safe_spot  710534e0 f   synch.obj
 0001:00052500       _set_synched_thread_context 71053500 f   synch.obj
 0001:00052650       _resume_all_threads        71053650 f   synch.obj
 0001:000526c0       _end_synch_with_all_threads 710536c0 f   synch.obj
 0001:00052720       _translate_from_synchall_to_dispatch 71053720 f   synch.obj
 0001:00052820       _check_wait_at_safe_spot   71053820 f   synch.obj
 0001:000529e0       _synch_with_thread         710539e0 f   synch.obj
 0001:00052d70       _synch_with_all_threads    71053d70 f   synch.obj
 0001:000533e0       _in_private_library        710543e0 f   loader_shared.obj
 0001:00053400       _privload_unload           71054400 f   loader_shared.obj
 0001:00053490       _privload_add_drext_path   71054490 f   loader_shared.obj
 0001:000535b0       _privload_next_module      710545b0 f   loader_shared.obj
 0001:000535c0       _privload_first_module     710545c0 f   loader_shared.obj
 0001:000535d0       _loader_exit               710545d0 f   loader_shared.obj
 0001:00053630       _loader_thread_init        71054630 f   loader_shared.obj
 0001:000536b0       _loader_thread_exit        710546b0 f   loader_shared.obj
 0001:00053710       _privload_lookup           71054710 f   loader_shared.obj
 0001:000537a0       _privload_lookup_by_base   710547a0 f   loader_shared.obj
 0001:00053810       _privload_insert           71054810 f   loader_shared.obj
 0001:000538f0       _privload_load             710548f0 f   loader_shared.obj
 0001:000539b0       _loader_init               710549b0 f   loader_shared.obj
 0001:00053af0       _load_private_library      71054af0 f   loader_shared.obj
 0001:00053b40       _unload_private_library    71054b40 f   loader_shared.obj
 0001:00054140       _our_vsnprintf             71055140 f   io.obj
 0001:000548f0       _reg_spill_tls_offs        710558f0 f   arch.obj
 0001:00054c40       _update_generated_hashtable_access 71055c40 f   arch.obj
 0001:00054c50       _protect_generated_code    71055c50 f   arch.obj
 0001:00054cb0       _get_source_fragment_type  71055cb0 f   arch.obj
 0001:00054ce0       _is_shared_syscall_routine 71055ce0 f   arch.obj
 0001:00054d60       _in_generated_routine      71055d60 f   arch.obj
 0001:00054de0       _get_fcache_enter_private_routine 71055de0 f   arch.obj
 0001:00054e20       _get_reset_exit_stub       71055e20 f   arch.obj
 0001:00054e60       _get_do_syscall_entry      71055e60 f   arch.obj
 0001:00054ea0       _get_fcache_enter_indirect_routine 71055ea0 f   arch.obj
 0001:00054ee0       _get_do_callback_return_entry 71055ee0 f   arch.obj
 0001:00054f20       _fcache_return_routine     71055f20 f   arch.obj
 0001:00054f20       _fcache_return_routine_ex  71055f20 f   arch.obj
 0001:00054f60       _fcache_return_coarse_routine 71055f60 f   arch.obj
 0001:00054f80       _trace_head_return_coarse_routine 71055f80 f   arch.obj
 0001:00054fa0       _get_ibl_branch_type       71055fa0 f   arch.obj
 0001:00055070       _get_ibl_routine           71056070 f   arch.obj
 0001:00055070       _get_ibl_routine_ex        71056070 f   arch.obj
 0001:000550b0       _get_target_delete_entry_pc 710560b0 f   arch.obj
 0001:00055120       _get_ibl_routine_code_ex   71056120 f   arch.obj
 0001:00055180       _get_ibl_routine_code      71056180 f   arch.obj
 0001:00055190       _shared_syscall_routine_ex 71056190 f   arch.obj
 0001:000551e0       _shared_syscall_routine    710561e0 f   arch.obj
 0001:000551f0       _unlinked_shared_syscall_routine_ex 710561f0 f   arch.obj
 0001:00055240       _unlinked_shared_syscall_routine 71056240 f   arch.obj
 0001:00055250       _after_do_syscall_code_ex  71056250 f   arch.obj
 0001:00055250       _after_do_syscall_code     71056250 f   arch.obj
 0001:00055290       _fcache_return_shared_routine 71056290 f   arch.obj
 0001:000552a0       _get_fcache_target         710562a0 f   arch.obj
 0001:000552b0       _set_fcache_target         710562b0 f   arch.obj
 0001:00055ed0       _translation_info_free     71056ed0 f   arch.obj
 0001:00055ef0       _record_translation_info   71056ef0 f   arch.obj
 0001:00056390       _check_syscall_method      71057390 f   arch.obj
 0001:00056570       _get_syscall_method        71057570 f   arch.obj
 0001:00056580       _does_syscall_ret_to_callsite 71057580 f   arch.obj
 0001:000565a0       _set_syscall_method        710575a0 f   arch.obj
 0001:000565b0       _get_app_sysenter_addr     710575b0 f   arch.obj
 0001:000565c0       _copy_mcontext             710575c0 f   arch.obj
 0001:000565e0       _dr_mcontext_to_priv_mcontext 710575e0 f   arch.obj
 0001:00056680       _priv_mcontext_to_dr_mcontext 71057680 f   arch.obj
 0001:00056720       _dr_mcontext_as_priv_mcontext 71057720 f   arch.obj
 0001:00056730       _dr_mcontext_init          71057730 f   arch.obj
 0001:00056750       _dump_mcontext             71057750 f   arch.obj
 0001:00056cd0       _arch_init                 71057cd0 f   arch.obj
 0001:00056fe0       _arch_profile_exit         71057fe0 f   arch.obj
 0001:00057010       _arch_exit                 71058010 f   arch.obj
 0001:00057060       _arch_thread_init          71058060 f   arch.obj
 0001:000573c0       _arch_thread_profile_exit  710583c0 f   arch.obj
 0001:000573d0       _arch_thread_exit          710583d0 f   arch.obj
 0001:00057400       _arch_patch_syscall        71058400 f   arch.obj
 0001:00057500       _get_ibl_routine_type_ex   71058500 f   arch.obj
 0001:00057630       _get_ibl_routine_type      71058630 f   arch.obj
 0001:000576a0       _get_ibl_routine_name      710586a0 f   arch.obj
 0001:00057710       _after_shared_syscall_code 71058710 f   arch.obj
 0001:00057710       _after_shared_syscall_code_ex 71058710 f   arch.obj
 0001:00057750       _after_shared_syscall_addr 71058750 f   arch.obj
 0001:000577b0       _after_do_syscall_addr     710587b0 f   arch.obj
 0001:00057810       _is_after_syscall_address  71058810 f   arch.obj
 0001:00057840       _get_fcache_enter_shared_routine 71058840 f   arch.obj
 0001:00057fb0       _recreate_app_pc           71058fb0 f   arch.obj
 0001:00058010       _recreate_app_state        71059010 f   arch.obj
 0001:00058030       _get_global_do_syscall_entry 71059030 f   arch.obj
 0001:00058080       _get_cleanup_and_terminate_global_do_syscall_entry 71059080 f   arch.obj
 0001:000580a0       _is_indirect_branch_lookup_routine 710590a0 f   arch.obj
 0001:000580d0       _get_alternate_ibl_routine 710590d0 f   arch.obj
 0001:000581a0       _get_linked_entry          710591a0 f   arch.obj
 0001:00058210       _get_unlinked_entry        71059210 f   arch.obj
 0001:00058280       _resolve_var_reg_size      71059280 f   decode.obj
 0001:000582d0       _resolve_variable_size     710592d0 f   decode.obj
 0001:00058510       _resolve_variable_size_dc  71059510 f   decode.obj
 0001:00058540       _resolve_addr_size         71059540 f   decode.obj
 0001:00058550       _optype_is_indir_reg       71059550 f   decode.obj
 0001:00058570       _indir_var_reg_size        71059570 f   decode.obj
 0001:000585d0       _indir_var_reg_offs_factor 710595d0 f   decode.obj
 0001:000595a0       _resolve_var_reg           7105a5a0 f   decode.obj
 0001:00059ce0       _decode_eflags_usage       7105ace0 f   decode.obj
 0001:00059d20       _decode_opcode             7105ad20 f   decode.obj
 0001:0005a170       _decode                    7105b170 f   decode.obj
 0001:0005a190       _decode_from_copy          7105b190 f   decode.obj
 0001:0005a1b0       _get_next_instr_info       7105b1b0 f   decode.obj
 0001:0005a1c0       _decode_first_opcode_byte  7105b1c0 f   decode.obj
 0001:0005a1d0       _decode_opcode_name        7105b1d0 f   decode.obj
 0001:0005bd80       _instr_info_extra_opnds    7105cd80 f   encode.obj
 0001:0005cf60       _get_encoding_info         7105df60 f   encode.obj
 0001:0005d000       _instr_info_opnd_type      7105e000 f   encode.obj
 0001:0005dd60       _copy_and_re_relativize_raw_instr 7105ed60 f   encode.obj
 0001:0005e320       _instr_encode_ignore_reachability 7105f320 f   encode.obj
 0001:0005e340       _instr_encode_to_copy      7105f340 f   encode.obj
 0001:0005e360       _instr_encode_check_reachability 7105f360 f   encode.obj
 0001:0005e360       _instr_encode              7105f360 f   encode.obj
 0001:0005e380       _instrlist_encode_to_copy  7105f380 f   encode.obj
 0001:0005e450       _instrlist_encode          7105f450 f   encode.obj
 0001:0005e4f0       _instr_is_encoding_possible 7105f4f0 f   encode.obj
 0001:0005e540       _exit_stub_size            7105f540 f   emit_utils.obj
 0001:0005e6c0       _insert_relative_target    7105f6c0 f   emit_utils.obj
 0001:0005e6e0       _insert_relative_jump      7105f6e0 f   emit_utils.obj
 0001:0005e8a0       _is_exit_cti_stub_patchable 7105f8a0 f   emit_utils.obj
 0001:0005e900       _extend_trace_pad_bytes    7105f900 f   emit_utils.obj
 0001:0005e910       _remove_nops_from_ilist    7105f910 f   emit_utils.obj
 0001:0005ea50       _patch_branch              7105fa50 f   emit_utils.obj
 0001:0005eab0       _patchable_exit_cti_align_offs 7105fab0 f   emit_utils.obj
 0001:0005eb20       _is_exit_cti_patchable     7105fb20 f   emit_utils.obj
 0001:0005ebd0       _cbr_fallthrough_exit_cti  7105fbd0 f   emit_utils.obj
 0001:0005ebf0       _entrance_stub_jmp         7105fbf0 f   emit_utils.obj
 0001:0005ec00       _coarse_is_entrance_stub   7105fc00 f   emit_utils.obj
 0001:0005ec40       _entrance_stub_jmp_target  7105fc40 f   emit_utils.obj
 0001:0005ec50       _entrance_stub_target_tag  7105fc50 f   emit_utils.obj
 0001:0005ec60       _coarse_is_indirect_stub   7105fc60 f   emit_utils.obj
 0001:0005ec80       _coarse_indirect_stub_jmp_target 7105fc80 f   emit_utils.obj
 0001:0005eca0       _coarse_indirect_stub_size 7105fca0 f   emit_utils.obj
 0001:0005eca0       _coarse_stub_alignment     7105fca0 f   link.obj
 0001:0005ecb0       _entrance_stub_linked      7105fcb0 f   emit_utils.obj
 0001:0005edd0       _link_entrance_stub        7105fdd0 f   emit_utils.obj
 0001:0005edf0       _unlink_entrance_stub      7105fdf0 f   emit_utils.obj
 0001:0005ee30       _entrance_stub_from_cti    7105fe30 f   emit_utils.obj
 0001:0005eea0       _init_patch_list           7105fea0 f   emit_utils.obj
 0001:0005ef40       _add_patch_marker          7105ff40 f   emit_utils.obj
 0001:0005f100       _encode_with_patch_list    71060100 f   emit_utils.obj
 0001:0005f2e0       _fragment_prefix_size      710602e0 f   emit_utils.obj
 0001:0005f660       _insert_fragment_prefix    71060660 f   emit_utils.obj
 0001:0005f740       _preinsert_swap_peb        71060740 f   emit_utils.obj
 0001:00060630       _emit_fcache_enter         71061630 f   emit_utils.obj
 0001:00060650       _append_shared_get_dcontext 71061650 f   emit_utils.obj
 0001:00060790       _append_shared_restore_dcontext_reg 71061790 f   emit_utils.obj
 0001:000615b0       _emit_fcache_return        710625b0 f   emit_utils.obj
 0001:00061610       _emit_fcache_enter_shared  71062610 f   emit_utils.obj
 0001:00061630       _emit_fcache_return_shared 71062630 f   emit_utils.obj
 0001:00061680       _emit_fcache_return_coarse 71062680 f   emit_utils.obj
 0001:000616e0       _emit_trace_head_return_coarse 710626e0 f   emit_utils.obj
 0001:00061740       _coarse_exit_prefix_size   71062740 f   emit_utils.obj
 0001:00061750       _emit_coarse_exit_prefix   71062750 f   emit_utils.obj
 0001:00061a10       _patch_coarse_exit_prefix  71062a10 f   emit_utils.obj
 0001:00061a20       _insert_save_eflags        71062a20 f   emit_utils.obj
 0001:00061b20       _insert_restore_eflags     71062b20 f   emit_utils.obj
 0001:00062680       _emit_inline_ibl_stub      71063680 f   emit_utils.obj
 0001:00062b80       _emit_indirect_branch_lookup 71063b80 f   emit_utils.obj
 0001:00063b40       _update_indirect_branch_lookup 71064b40 f   emit_utils.obj
 0001:00063d60       _create_syscall_instr      71064d60 f   emit_utils.obj
 0001:00063ed0       _emit_shared_syscall       71064ed0 f   emit_utils.obj
 0001:00064d10       _emit_shared_syscall_dispatch 71065d10 f   emit_utils.obj
 0001:00064d30       _emit_unlinked_shared_syscall_dispatch 71065d30 f   emit_utils.obj
 0001:00064d50       _link_shared_syscall       71065d50 f   emit_utils.obj
 0001:00064dd0       _unlink_shared_syscall     71065dd0 f   emit_utils.obj
 0001:00064e50       _emit_detach_callback_code 71065e50 f   emit_utils.obj
 0001:000657c0       _emit_detach_callback_final_jmp 710667c0 f   emit_utils.obj
 0001:000658a0       _emit_patch_syscall        710668a0 f   emit_utils.obj
 0001:00065b60       _emit_fcache_enter_indirect 71066b60 f   emit_utils.obj
 0001:00065b80       _emit_do_callback_return   71066b80 f   emit_utils.obj
 0001:00065cc0       _emit_do_syscall           71066cc0 f   emit_utils.obj
 0001:00065cf0       _nop_pad_ilist             71066cf0 f   emit_utils.obj
 0001:00066080       _link_direct_exit          71067080 f   emit_utils.obj
 0001:00066110       _indirect_linkstub_target  71067110 f   emit_utils.obj
 0001:00066220       _linkstub_cbr_disambiguate 71067220 f   emit_utils.obj
 0001:00066300       _coarse_is_trace_head      71067300 f   emit_utils.obj
 0001:00066350       _is_patchable_exit_stub    71067350 f   emit_utils.obj
 0001:000663b0       _bytes_for_exitstub_alignment 710673b0 f   emit_utils.obj
 0001:000664b0       _pad_for_exitstub_alignment 710674b0 f   emit_utils.obj
 0001:000664f0       _insert_exit_stub_other_flags 710674f0 f   emit_utils.obj
 0001:00066720       _insert_exit_stub          71067720 f   emit_utils.obj
 0001:00066750       _linkstub_unlink_entry_offset 71067750 f   emit_utils.obj
 0001:000667c0       _indirect_linkstub_stub_pc 710677c0 f   emit_utils.obj
 0001:000668c0       _unlink_indirect_exit      710678c0 f   emit_utils.obj
 0001:00066b70       _update_indirect_exit_stub 71067b70 f   emit_utils.obj
 0001:00066cf0       _unlink_direct_exit        71067cf0 f   emit_utils.obj
 0001:00066e30       _link_indirect_exit        71067e30 f   emit_utils.obj
 0001:00067090       _opnd_is_null              71068090 f   instr.obj
 0001:000670a0       _opnd_is_reg               710680a0 f   instr.obj
 0001:000670b0       _opnd_is_immed             710680b0 f   instr.obj
 0001:000670d0       _opnd_is_immed_int         710680d0 f   instr.obj
 0001:000670e0       _opnd_is_immed_float       710680e0 f   instr.obj
 0001:000670f0       _opnd_is_pc                710680f0 f   instr.obj
 0001:00067110       _opnd_is_near_pc           71068110 f   instr.obj
 0001:00067120       _opnd_is_far_pc            71068120 f   instr.obj
 0001:00067130       _opnd_is_instr             71068130 f   instr.obj
 0001:00067150       _opnd_is_near_instr        71068150 f   instr.obj
 0001:00067160       _opnd_is_far_instr         71068160 f   instr.obj
 0001:00067170       _opnd_is_near_memory_reference 71068170 f   instr.obj
 0001:00067170       _opnd_is_near_base_disp    71068170 f   instr.obj
 0001:00067190       _reg_is_pointer_sized      71068190 f   instr.obj
 0001:00067190       _reg_is_32bit              71068190 f   instr.obj
 0001:000671a0       _reg_is_64bit              710681a0 f   instr.obj
 0001:000671b0       _opnd_create_reg           710681b0 f   instr.obj
 0001:000671c0       _opnd_get_reg              710681c0 f   instr.obj
 0001:000671d0       _opnd_set_size             710681d0 f   instr.obj
 0001:000671f0       _opnd_create_immed_int     710681f0 f   instr.obj
 0001:00067210       _opnd_create_immed_float   71068210 f   instr.obj
 0001:00067230       _opnd_create_immed_float_zero 71068230 f   instr.obj
 0001:00067250       _opnd_get_immed_float      71068250 f   instr.obj
 0001:00067260       _opnd_create_pc            71068260 f   instr.obj
 0001:00067270       _opnd_create_far_pc        71068270 f   instr.obj
 0001:00067290       _opnd_create_instr         71068290 f   instr.obj
 0001:000672a0       _opnd_create_far_instr     710682a0 f   instr.obj
 0001:000672c0       _opnd_get_pc               710682c0 f   instr.obj
 0001:000672e0       _opnd_get_segment_selector 710682e0 f   instr.obj
 0001:00067300       _opnd_get_immed_int        71068300 f   instr.obj
 0001:00067300       _opnd_get_instr            71068300 f   instr.obj
 0001:00067310       _opnd_create_far_base_disp_ex 71068310 f   instr.obj
 0001:00067370       _opnd_create_far_base_disp 71068370 f   instr.obj
 0001:000673d0       _opnd_get_base             710683d0 f   instr.obj
 0001:000673e0       _opnd_get_disp             710683e0 f   instr.obj
 0001:00067400       _opnd_is_disp_encode_zero  71068400 f   instr.obj
 0001:00067420       _opnd_is_disp_force_full   71068420 f   instr.obj
 0001:00067440       _opnd_is_disp_short_addr   71068440 f   instr.obj
 0001:00067460       _opnd_set_disp             71068460 f   instr.obj
 0001:00067480       _opnd_set_disp_ex          71068480 f   instr.obj
 0001:000674c0       _opnd_get_index            710684c0 f   instr.obj
 0001:000674e0       _opnd_get_scale            710684e0 f   instr.obj
 0001:00067500       _opnd_get_segment          71068500 f   instr.obj
 0001:00067520       _opnd_create_far_abs_addr  71068520 f   instr.obj
 0001:00067570       _opnd_is_base_disp         71068570 f   instr.obj
 0001:00067570       _opnd_is_memory_reference  71068570 f   instr.obj
 0001:00067580       _opnd_is_far_memory_reference 71068580 f   instr.obj
 0001:00067580       _opnd_is_far_base_disp     71068580 f   instr.obj
 0001:000675a0       _opnd_num_regs_used        710685a0 f   instr.obj
 0001:00067620       _opnd_get_reg_used         71068620 f   instr.obj
 0001:000676c0       _opnd_uses_reg             710686c0 f   instr.obj
 0001:00067790       _opnd_same_address         71068790 f   instr.obj
 0001:000678d0       _opnd_same                 710688d0 f   instr.obj
 0001:00067a10       _opnd_share_reg            71068a10 f   instr.obj
 0001:00067b30       _get_register_name         71068b30 f   instr.obj
 0001:00067b40       _reg_to_pointer_sized      71068b40 f   instr.obj
 0001:00067b50       _reg_32_to_16              71068b50 f   instr.obj
 0001:00067b60       _reg_32_to_8               71068b60 f   instr.obj
 0001:00067b80       _reg_32_to_opsz            71068b80 f   instr.obj
 0001:00067bc0       _dr_get_logfile            71068bc0 f   instrument.obj
 0001:00067bc0       _reg_parameter_num         71068bc0 f   instr.obj
 0001:00067bd0       _opnd_get_reg_dcontext_offs 71068bd0 f   instr.obj
 0001:00067c40       _reg_overlap               71068c40 f   instr.obj
 0001:00067c90       _reg_get_bits              71068c90 f   instr.obj
 0001:00067d50       _reg_get_size              71068d50 f   instr.obj
 0001:00067dd0       _instr_create              71068dd0 f   instr.obj
 0001:00067df0       _instr_init                71068df0 f   instr.obj
 0001:00067e10       _instr_free                71068e10 f   instr.obj
 0001:00067e90       _instr_mem_usage           71068e90 f   instr.obj
 0001:00067ed0       _instr_reset               71068ed0 f   instr.obj
 0001:00067ef0       _instr_valid               71068ef0 f   instr.obj
 0001:00067f00       _instr_opcode_valid        71068f00 f   instr.obj
 0001:00067f20       _instr_get_prefix_flag     71068f20 f   instr.obj
 0001:00067f40       _instr_get_prefixes        71068f40 f   instr.obj
 0001:00067f50       _instr_branch_selfmod_exit 71068f50 f   instr.obj
 0001:00067f60       _instr_branch_set_selfmod_exit 71068f60 f   instr.obj
 0001:00067f80       _instr_exit_branch_type    71068f80 f   instr.obj
 0001:00067f90       _instr_exit_branch_set_type 71068f90 f   instr.obj
 0001:00067fb0       _instr_ok_to_mangle        71068fb0 f   instr.obj
 0001:00067fc0       _instr_set_ok_to_mangle    71068fc0 f   instr.obj
 0001:00067fe0       _instr_set_meta_may_fault  71068fe0 f   instr.obj
 0001:00067ff0       _instr_ok_to_emit          71068ff0 f   instr.obj
 0001:00068000       _instr_set_ok_to_emit      71069000 f   instr.obj
 0001:00068020       _instr_get_opcode_eflags   71069020 f   instr.obj
 0001:00068030       _instr_set_eflags_valid    71069030 f   instr.obj
 0001:00068050       _instr_set_arith_flags_valid 71069050 f   instr.obj
 0001:00068070       _instr_set_operands_valid  71069070 f   instr.obj
 0001:00068090       _instr_shift_raw_bits      71069090 f   instr.obj
 0001:000680b0       _instr_set_raw_bits_valid  710690b0 f   instr.obj
 0001:000680d0       _instr_operands_valid      710690d0 f   instr.obj
 0001:000680e0       _instr_raw_bits_valid      710690e0 f   instr.obj
 0001:000680f0       _instr_has_allocated_bits  710690f0 f   instr.obj
 0001:00068100       _instr_needs_encoding      71069100 f   instr.obj
 0001:00068110       _instr_free_raw_bits       71069110 f   instr.obj
 0001:00068140       _instr_allocate_raw_bits   71069140 f   instr.obj
 0001:000681d0       _instr_set_translation     710691d0 f   instr.obj
 0001:00068220       _instr_make_persistent     71069220 f   instr.obj
 0001:00068250       _instr_get_raw_bits        71069250 f   instr.obj
 0001:00068250       _instrlist_last            71069250 f   instrlist.obj
 0001:00068260       _instr_get_raw_byte        71069260 f   instr.obj
 0001:00068270       _instr_get_raw_word        71069270 f   instr.obj
 0001:00068280       _instr_set_raw_byte        71069280 f   instr.obj
 0001:000682a0       _instr_set_raw_bytes       710692a0 f   instr.obj
 0001:000682b0       _instr_set_raw_word        710692b0 f   instr.obj
 0001:000682d0       _instr_set_note            710692d0 f   instr.obj
 0001:000682e0       _instr_get_note            710692e0 f   instr.obj
 0001:000682f0       _instr_get_next            710692f0 f   instr.obj
 0001:00068300       _instr_get_prev            71069300 f   instr.obj
 0001:00068310       _instr_set_next            71069310 f   instr.obj
 0001:00068320       _instr_set_prev            71069320 f   instr.obj
 0001:00068330       _instr_is_our_mangling     71069330 f   instr.obj
 0001:00068340       _instr_set_our_mangling    71069340 f   instr.obj
 0001:00068360       _opcode_is_mmx             71069360 f   instr.obj
 0001:000683e0       _opcode_is_sse_or_sse2     710693e0 f   instr.obj
 0001:000684f0       _type_is_sse               710694f0 f   instr.obj
 0001:000686c0       _instr_cmovcc_to_jcc       710696c0 f   instr.obj
 0001:00068740       _reg_is_gpr                71069740 f   instr.obj
 0001:00068750       _reg_is_segment            71069750 f   instr.obj
 0001:00068760       _reg_is_ymm                71069760 f   instr.obj
 0001:00068770       _reg_is_xmm                71069770 f   instr.obj
 0001:00068790       _reg_is_mmx                71069790 f   instr.obj
 0001:000687a0       _reg_is_fp                 710697a0 f   instr.obj
 0001:000687b0       _instr_raw_is_tls_spill    710697b0 f   instr.obj
 0001:00068840       _move_mm_reg_opcode        71069840 f   instr.obj
 0001:00068890       _opnd_is_abs_addr          71069890 f   instr.obj
 0001:000688b0       _opnd_is_near_abs_addr     710698b0 f   instr.obj
 0001:000688e0       _opnd_is_far_abs_addr      710698e0 f   instr.obj
 0001:00068910       _opnd_is_reg_64bit         71069910 f   instr.obj
 0001:00068930       _opnd_is_reg_pointer_sized 71069930 f   instr.obj
 0001:00068930       _opnd_is_reg_32bit         71069930 f   instr.obj
 0001:00068950       _opnd_get_size             71069950 f   instr.obj
 0001:00068990       _opnd_create_base_disp_ex  71069990 f   instr.obj
 0001:00068a10       _opnd_create_base_disp     71069a10 f   instr.obj
 0001:00068a70       _opnd_create_abs_addr      71069a70 f   instr.obj
 0001:00068ac0       _opnd_get_addr             71069ac0 f   instr.obj
 0001:00068ae0       _opnd_replace_reg          71069ae0 f   instr.obj
 0001:00068cf0       _opnd_size_in_bytes        71069cf0 f   instr.obj
 0001:00068df0       _opnd_shrink_to_16_bits    71069df0 f   instr.obj
 0001:00068f00       _reg_get_value_priv        71069f00 f   instr.obj
 0001:00068fb0       _reg_get_value             71069fb0 f   instr.obj
 0001:00068fd0       _reg_set_value_priv        71069fd0 f   instr.obj
 0001:00068ff0       _reg_set_value             71069ff0 f   instr.obj
 0001:00069020       _opnd_compute_address_priv 7106a020 f   instr.obj
 0001:000690c0       _opnd_compute_address      7106a0c0 f   instr.obj
 0001:000690f0       _instr_destroy             7106a0f0 f   instr.obj
 0001:00069110       _instr_reuse               7106a110 f   instr.obj
 0001:00069290       _instr_set_opcode          7106a290 f   instr.obj
 0001:000692b0       _instr_set_num_opnds       7106a2b0 f   instr.obj
 0001:00069320       _instr_set_src             7106a320 f   instr.obj
 0001:00069380       _instr_set_dst             7106a380 f   instr.obj
 0001:000693c0       _instr_set_prefix_flag     7106a3c0 f   instr.obj
 0001:000693e0       _instr_set_prefixes        7106a3e0 f   instr.obj
 0001:00069400       _instr_is_meta_may_fault   7106a400 f   instr.obj
 0001:00069420       _instr_set_meta_no_translation 7106a420 f   instr.obj
 0001:00069470       _instr_set_raw_bits        7106a470 f   instr.obj
 0001:000694a0       _instr_decode_opcode       7106a4a0 f   instr.obj
 0001:000694d0       _instr_decode              7106a4d0 f   instr.obj
 0001:00069500       _instr_branch_type         7106a500 f   instr.obj
 0001:00069620       _instr_is_mov              7106a620 f   instr.obj
 0001:00069680       _instr_is_call             7106a680 f   instr.obj
 0001:000696e0       _instr_is_call_direct      7106a6e0 f   instr.obj
 0001:00069730       _instr_is_call_indirect    7106a730 f   instr.obj
 0001:00069780       _instr_is_return           7106a780 f   instr.obj
 0001:000697e0       _instr_is_cbr              7106a7e0 f   instr.obj
 0001:00069850       _instr_is_mbr              7106a850 f   instr.obj
 0001:000698c0       _instr_is_far_cti          7106a8c0 f   instr.obj
 0001:00069930       _instr_is_far_abs_cti      7106a930 f   instr.obj
 0001:00069980       _instr_is_ubr              7106a980 f   instr.obj
 0001:000699e0       _instr_is_cti              7106a9e0 f   instr.obj
 0001:00069a30       _instr_is_cti_short        7106aa30 f   instr.obj
 0001:00069ab0       _instr_is_cti_loop         7106aab0 f   instr.obj
 0001:00069b00       _instr_is_cti_short_rewrite 7106ab00 f   instr.obj
 0001:00069b80       _instr_is_interrupt        7106ab80 f   instr.obj
 0001:00069be0       _instr_is_prefetch         7106abe0 f   instr.obj
 0001:00069c60       _instr_is_floating         7106ac60 f   instr.obj
 0001:00069cb0       _instr_is_mmx              7106acb0 f   instr.obj
 0001:00069d80       _instr_is_sse_or_sse2      7106ad80 f   instr.obj
 0001:00069dd0       _instr_is_label            7106add0 f   instr.obj
 0001:00069df0       _instr_is_undefined        7106adf0 f   instr.obj
 0001:00069e20       _instr_invert_cbr          7106ae20 f   instr.obj
 0001:0006a160       _instr_convert_short_meta_jmp_to_long 7106b160 f   instr.obj
 0001:0006a1a0       _instr_jcc_taken           7106b1a0 f   instr.obj
 0001:0006a1f0       _instr_cmovcc_triggered    7106b1f0 f   instr.obj
 0001:0006a310       _opnd_create_dcontext_field_sz 7106b310 f   instr.obj
 0001:0006a3c0       _opnd_create_dcontext_field 7106b3c0 f   instr.obj
 0001:0006a450       _opnd_create_dcontext_field_via_reg_sz 7106b450 f   instr.obj
 0001:0006a490       _opnd_create_tls_slot      7106b490 f   instr.obj
 0001:0006a4e0       _opnd_defines_use          7106b4e0 f   instr.obj
 0001:0006a670       _instr_clone               7106b670 f   instr.obj
 0001:0006a770       _instr_build               7106b770 f   instr.obj
 0001:0006a7b0       _instr_build_bits          7106b7b0 f   instr.obj
 0001:0006a7f0       _instr_get_opcode          7106b7f0 f   instr.obj
 0001:0006a830       _instr_get_instr_info      7106b830 f   instr.obj
 0001:0006a880       _instr_num_srcs            7106b880 f   instr.obj
 0001:0006a8c0       _instr_num_dsts            7106b8c0 f   instr.obj
 0001:0006a900       _instr_get_src             7106b900 f   instr.obj
 0001:0006a970       _instr_get_dst             7106b970 f   instr.obj
 0001:0006a9d0       _instr_get_target          7106b9d0 f   instr.obj
 0001:0006aa20       _instr_set_target          7106ba20 f   instr.obj
 0001:0006aac0       _instr_get_eflags          7106bac0 f   instr.obj
 0001:0006ab40       _instr_get_arith_flags     7106bb40 f   instr.obj
 0001:0006ab60       _instr_length              7106bb60 f   instr.obj
 0001:0006ad40       _instr_expand              7106bd40 f   instr.obj
 0001:0006aed0       _instr_get_next_expanded   7106bed0 f   instr.obj
 0001:0006aef0       _instr_get_prev_expanded   7106bef0 f   instr.obj
 0001:0006af10       _instrlist_first_expanded  7106bf10 f   instr.obj
 0001:0006af40       _instr_shrink_to_16_bits   7106bf40 f   instr.obj
 0001:0006b170       _instr_reg_in_dst          7106c170 f   instr.obj
 0001:0006b220       _instr_reg_in_src          7106c220 f   instr.obj
 0001:0006b2f0       _instr_reads_from_reg      7106c2f0 f   instr.obj
 0001:0006b3e0       _instr_writes_to_reg       7106c3e0 f   instr.obj
 0001:0006b4a0       _instr_writes_to_exact_reg 7106c4a0 f   instr.obj
 0001:0006b550       _instr_replace_src_opnd    7106c550 f   instr.obj
 0001:0006b680       _instr_same                7106c680 f   instr.obj
 0001:0006b920       _instr_reads_memory        7106c920 f   instr.obj
 0001:0006b9e0       _instr_writes_memory       7106c9e0 f   instr.obj
 0001:0006ba90       _instr_compute_address_ex_priv 7106ca90 f   instr.obj
 0001:0006bce0       _instr_compute_address_ex  7106cce0 f   instr.obj
 0001:0006bd10       _instr_compute_address_ex_pos 7106cd10 f   instr.obj
 0001:0006bd40       _instr_compute_address     7106cd40 f   instr.obj
 0001:0006bd70       _instr_memory_reference_size 7106cd70 f   instr.obj
 0001:0006c040       _decode_memory_reference_size 7106d040 f   instr.obj
 0001:0006c0b0       _instr_get_label_data_area 7106d0b0 f   instr.obj
 0001:0006c0d0       _instr_get_branch_target_pc 7106d0d0 f   instr.obj
 0001:0006c130       _instr_set_branch_target_pc 7106d130 f   instr.obj
 0001:0006c160       _instr_is_exit_cti         7106d160 f   instr.obj
 0001:0006c200       _instr_get_interrupt_number 7106d200 f   instr.obj
 0001:0006c260       _instr_is_wow64_syscall    7106d260 f   instr.obj
 0001:0006c330       _instr_is_mov_constant     7106d330 f   instr.obj
 0001:0006c420       _instr_is_mov_imm_to_tos   7106d420 f   instr.obj
 0001:0006c560       _instr_cbr_taken           7106d560 f   instr.obj
 0001:0006c6b0       _instr_uses_fp_reg         7106d6b0 f   instr.obj
 0001:0006c830       _instr_create_0dst_0src    7106d830 f   instr.obj
 0001:0006c870       _instr_create_0dst_1src    7106d870 f   instr.obj
 0001:0006c8d0       _instr_create_0dst_2src    7106d8d0 f   instr.obj
 0001:0006c970       _instr_create_0dst_3src    7106d970 f   instr.obj
 0001:0006ca30       _instr_create_1dst_0src    7106da30 f   instr.obj
 0001:0006caa0       _instr_create_1dst_1src    7106daa0 f   instr.obj
 0001:0006cb40       _instr_create_1dst_2src    7106db40 f   instr.obj
 0001:0006cc10       _instr_create_1dst_3src    7106dc10 f   instr.obj
 0001:0006cd10       _instr_create_1dst_5src    7106dd10 f   instr.obj
 0001:0006ce60       _instr_create_2dst_0src    7106de60 f   instr.obj
 0001:0006cf00       _instr_create_2dst_1src    7106df00 f   instr.obj
 0001:0006cfc0       _instr_create_2dst_2src    7106dfc0 f   instr.obj
 0001:0006d0c0       _instr_create_2dst_3src    7106e0c0 f   instr.obj
 0001:0006d1e0       _instr_create_2dst_4src    7106e1e0 f   instr.obj
 0001:0006d330       _instr_create_3dst_0src    7106e330 f   instr.obj
 0001:0006d400       _instr_create_3dst_3src    7106e400 f   instr.obj
 0001:0006d550       _instr_create_3dst_4src    7106e550 f   instr.obj
 0001:0006d6d0       _instr_create_3dst_5src    7106e6d0 f   instr.obj
 0001:0006d870       _instr_create_4dst_1src    7106e870 f   instr.obj
 0001:0006d990       _instr_create_4dst_4src    7106e990 f   instr.obj
 0001:0006db30       _instr_create_popa         7106eb30 f   instr.obj
 0001:0006dd80       _instr_create_pusha        7106ed80 f   instr.obj
 0001:0006dfe0       _instr_create_raw_1byte    7106efe0 f   instr.obj
 0001:0006e030       _instr_create_raw_2bytes   7106f030 f   instr.obj
 0001:0006e080       _instr_create_raw_3bytes   7106f080 f   instr.obj
 0001:0006e0e0       _instr_create_nbyte_nop    7106f0e0 f   instr.obj
 0001:0006e240       _instr_is_nop              7106f240 f   instr.obj
 0001:0006e4e0       _instr_create_restore_from_dcontext 7106f4e0 f   instr.obj
 0001:0006e590       _instr_create_save_to_dcontext 7106f590 f   instr.obj
 0001:0006e650       _instr_create_restore_from_dc_via_reg 7106f650 f   instr.obj
 0001:0006e720       _instr_create_save_to_dc_via_reg 7106f720 f   instr.obj
 0001:0006e800       _instr_create_save_immed_to_dcontext 7106f800 f   instr.obj
 0001:0006e860       _instr_create_jump_via_dcontext 7106f860 f   instr.obj
[...]
      390    _instr_ok_to_mangle
               exported name: instr_ok_to_mangle
      391    _instr_opcode_valid
               exported name: instr_opcode_valid
      392    _instr_operands_valid
               exported name: instr_operands_valid
      393    _instr_raw_bits_valid
               exported name: instr_raw_bits_valid
      394    _instr_reads_from_reg
               exported name: instr_reads_from_reg
      395    _instr_reads_memory
               exported name: instr_reads_memory
      396    _instr_reg_in_dst
               exported name: instr_reg_in_dst
      397    _instr_reg_in_src
               exported name: instr_reg_in_src
      398    _instr_replace_src_opnd
               exported name: instr_replace_src_opnd
      399    _instr_reset
               exported name: instr_reset
      400    _instr_reuse
               exported name: instr_reuse
      401    _instr_same
               exported name: instr_same
      402    _instr_set_branch_target_pc
               exported name: instr_set_branch_target_pc
      403    _instr_set_dst
               exported name: instr_set_dst
      404    _instr_set_meta_may_fault
               exported name: instr_set_meta_may_fault
      405    _instr_set_meta_no_translation
               exported name: instr_set_meta_no_translation
      406    _instr_set_next
               exported name: instr_set_next
      407    _instr_set_note
               exported name: instr_set_note
      408    _instr_set_num_opnds
               exported name: instr_set_num_opnds
      409    _instr_set_ok_to_emit
               exported name: instr_set_ok_to_emit
      410    _instr_set_ok_to_mangle
               exported name: instr_set_ok_to_mangle
      411    _instr_set_opcode
               exported name: instr_set_opcode
      412    _instr_set_operands_valid
               exported name: instr_set_operands_valid
      413    _instr_set_prefix_flag
               exported name: instr_set_prefix_flag
      414    _instr_set_prev
               exported name: instr_set_prev
      415    _instr_set_raw_bits
               exported name: instr_set_raw_bits
      416    _instr_set_raw_bits_valid
               exported name: instr_set_raw_bits_valid
      417    _instr_set_raw_byte
               exported name: instr_set_raw_byte
      418    _instr_set_raw_bytes
               exported name: instr_set_raw_bytes
      419    _instr_set_raw_word
               exported name: instr_set_raw_word
      420    _instr_set_src
               exported name: instr_set_src
      421    _instr_set_target
               exported name: instr_set_target
      422    _instr_set_translation
               exported name: instr_set_translation
      423    _instr_shrink_to_16_bits
               exported name: instr_shrink_to_16_bits
      424    _instr_uses_fp_reg
               exported name: instr_uses_fp_reg
      425    _instr_uses_reg
               exported name: instr_uses_reg
      426    _instr_valid
               exported name: instr_valid
      427    _instr_writes_memory
               exported name: instr_writes_memory
      428    _instr_writes_to_exact_reg
               exported name: instr_writes_to_exact_reg
      429    _instr_writes_to_reg
               exported name: instr_writes_to_reg
      430    _instrlist_append
               exported name: instrlist_append
      431    _instrlist_clear
               exported name: instrlist_clear
      432    _instrlist_clear_and_destroy
               exported name: instrlist_clear_and_destroy
      433    _instrlist_clone
               exported name: instrlist_clone
      434    _instrlist_create
               exported name: instrlist_create
      435    _instrlist_destroy
               exported name: instrlist_destroy
      436    _instrlist_disassemble
               exported name: instrlist_disassemble
      437    _instrlist_encode
               exported name: instrlist_encode
      438    _instrlist_encode_to_copy
               exported name: instrlist_encode_to_copy
      439    _instrlist_first
               exported name: instrlist_first
      440    _instrlist_get_translation_target
               exported name: instrlist_get_translation_target
      441    _instrlist_init
               exported name: instrlist_init
      442    _instrlist_last
               exported name: instrlist_last
      443    _instrlist_meta_append
               exported name: instrlist_meta_append
      444    _instrlist_meta_fault_append
               exported name: instrlist_meta_fault_append
      445    _instrlist_meta_fault_postinsert
               exported name: instrlist_meta_fault_postinsert
      446    _instrlist_meta_fault_preinsert
               exported name: instrlist_meta_fault_preinsert
      447    _instrlist_meta_postinsert
               exported name: instrlist_meta_postinsert
      448    _instrlist_meta_preinsert
               exported name: instrlist_meta_preinsert
      449    _instrlist_postinsert
               exported name: instrlist_postinsert
      450    _instrlist_preinsert
               exported name: instrlist_preinsert
      451    _instrlist_prepend
               exported name: instrlist_prepend
      452    _instrlist_remove
               exported name: instrlist_remove
      453    _instrlist_replace
               exported name: instrlist_replace
      454    _instrlist_set_fall_through_target
               exported name: instrlist_set_fall_through_target
      455    _instrlist_set_return_target
               exported name: instrlist_set_return_target
      456    _instrlist_set_translation_target
               exported name: instrlist_set_translation_target
      457    Forwarded to NTDLL.isalnum
               exported name: isalnum
      458    Forwarded to NTDLL.isalpha
               exported name: isalpha
      459    Forwarded to NTDLL.iscntrl
               exported name: iscntrl
      460    Forwarded to NTDLL.isdigit
               exported name: isdigit
      461    Forwarded to NTDLL.isgraph
               exported name: isgraph
      462    Forwarded to NTDLL.islower
               exported name: islower
      463    Forwarded to NTDLL.isprint
               exported name: isprint
      464    Forwarded to NTDLL.ispunct
               exported name: ispunct
      465    Forwarded to NTDLL.isspace
               exported name: isspace
      466    Forwarded to NTDLL.isupper
               exported name: isupper
      467    Forwarded to NTDLL.iswalpha
               exported name: iswalpha
      468    Forwarded to NTDLL.iswctype
               exported name: iswctype
      469    Forwarded to NTDLL.iswdigit
               exported name: iswdigit
      470    Forwarded to NTDLL.iswlower
               exported name: iswlower
      471    Forwarded to NTDLL.iswspace
               exported name: iswspace
      472    Forwarded to NTDLL.iswxdigit
               exported name: iswxdigit
      473    Forwarded to NTDLL.isxdigit
               exported name: isxdigit
      474    Forwarded to NTDLL.labs
               exported name: labs
      475    Forwarded to NTDLL.log
               exported name: log
      476    Forwarded to NTDLL.mbstowcs
               exported name: mbstowcs
      477    Forwarded to NTDLL.memchr
               exported name: memchr
      478    Forwarded to NTDLL.memcmp
               exported name: memcmp
      479    Forwarded to NTDLL.memcpy
               exported name: memcpy
      480    Forwarded to NTDLL.memmove
               exported name: memmove
      481    Forwarded to NTDLL.memset
               exported name: memset
      482    _opnd_compute_address
               exported name: opnd_compute_address
      483    _opnd_create_abs_addr
               exported name: opnd_create_abs_addr
      484    _opnd_create_base_disp
               exported name: opnd_create_base_disp
      485    _opnd_create_base_disp_ex
               exported name: opnd_create_base_disp_ex
      486    _opnd_create_far_abs_addr
               exported name: opnd_create_far_abs_addr
      487    _opnd_create_far_base_disp
               exported name: opnd_create_far_base_disp
      488    _opnd_create_far_base_disp_ex
               exported name: opnd_create_far_base_disp_ex
      489    _opnd_create_far_instr
               exported name: opnd_create_far_instr
      490    _opnd_create_far_pc
               exported name: opnd_create_far_pc
      491    _opnd_create_immed_float
               exported name: opnd_create_immed_float
      492    _opnd_create_immed_int
               exported name: opnd_create_immed_int
      493    _opnd_create_instr
               exported name: opnd_create_instr
      494    _opnd_create_null
               exported name: opnd_create_null
      495    _opnd_create_pc
               exported name: opnd_create_pc
      496    _opnd_create_reg
               exported name: opnd_create_reg
      497    _opnd_defines_use
               exported name: opnd_defines_use
      498    _opnd_disassemble
               exported name: opnd_disassemble
      499    _opnd_disassemble_to_buffer
               exported name: opnd_disassemble_to_buffer
      500    _opnd_get_addr
               exported name: opnd_get_addr
      501    _opnd_get_base
               exported name: opnd_get_base
      502    _opnd_get_disp
               exported name: opnd_get_disp
      503    _opnd_get_immed_float
               exported name: opnd_get_immed_float
      504    _opnd_get_immed_int
               exported name: opnd_get_immed_int
      505    _opnd_get_index
               exported name: opnd_get_index
      506    _opnd_get_instr
               exported name: opnd_get_instr
      507    _opnd_get_pc
               exported name: opnd_get_pc
      508    _opnd_get_reg
               exported name: opnd_get_reg
      509    _opnd_get_reg_used
               exported name: opnd_get_reg_used
      510    _opnd_get_scale
               exported name: opnd_get_scale
      511    _opnd_get_segment
               exported name: opnd_get_segment
      512    _opnd_get_segment_selector
               exported name: opnd_get_segment_selector
      513    _opnd_get_size
               exported name: opnd_get_size
      514    _opnd_is_abs_addr
               exported name: opnd_is_abs_addr
      515    _opnd_is_base_disp
               exported name: opnd_is_base_disp
      516    _opnd_is_disp_encode_zero
               exported name: opnd_is_disp_encode_zero
      517    _opnd_is_disp_force_full
               exported name: opnd_is_disp_force_full
      518    _opnd_is_disp_short_addr
               exported name: opnd_is_disp_short_addr
      519    _opnd_is_far_abs_addr
               exported name: opnd_is_far_abs_addr
      520    _opnd_is_far_base_disp
               exported name: opnd_is_far_base_disp
      521    _opnd_is_far_instr
               exported name: opnd_is_far_instr
      522    _opnd_is_far_memory_reference
               exported name: opnd_is_far_memory_reference
      523    _opnd_is_far_pc
               exported name: opnd_is_far_pc
      524    _opnd_is_immed
               exported name: opnd_is_immed
      525    _opnd_is_immed_float
               exported name: opnd_is_immed_float
      526    _opnd_is_immed_int
               exported name: opnd_is_immed_int
      527    _opnd_is_instr
               exported name: opnd_is_instr
      528    _opnd_is_memory_reference
               exported name: opnd_is_memory_reference
      529    _opnd_is_near_abs_addr
               exported name: opnd_is_near_abs_addr
      530    _opnd_is_near_base_disp
               exported name: opnd_is_near_base_disp
      531    _opnd_is_near_instr
               exported name: opnd_is_near_instr
      532    _opnd_is_near_memory_reference
               exported name: opnd_is_near_memory_reference
      533    _opnd_is_near_pc
               exported name: opnd_is_near_pc
      534    _opnd_is_null
               exported name: opnd_is_null
      535    _opnd_is_pc
               exported name: opnd_is_pc
      536    _opnd_is_reg
               exported name: opnd_is_reg
      537    _opnd_is_reg_32bit
               exported name: opnd_is_reg_32bit
      538    _opnd_is_reg_64bit
               exported name: opnd_is_reg_64bit
      539    _opnd_is_reg_pointer_sized
               exported name: opnd_is_reg_pointer_sized
      540    _opnd_num_regs_used
               exported name: opnd_num_regs_used
      541    _opnd_replace_reg
               exported name: opnd_replace_reg
      542    _opnd_same
               exported name: opnd_same
      543    _opnd_same_address
               exported name: opnd_same_address
      544    _opnd_set_disp
               exported name: opnd_set_disp
      545    _opnd_set_disp_ex
               exported name: opnd_set_disp_ex
      546    _opnd_set_size
               exported name: opnd_set_size
      547    _opnd_share_reg
               exported name: opnd_share_reg
      548    _opnd_shrink_to_16_bits
               exported name: opnd_shrink_to_16_bits
      549    _opnd_size_in_bytes
               exported name: opnd_size_in_bytes
      550    _opnd_uses_reg
               exported name: opnd_uses_reg
      551    Forwarded to NTDLL.pow
               exported name: pow
      552    _proc_bump_to_end_of_cache_line
               exported name: proc_bump_to_end_of_cache_line
      553    _proc_fpstate_save_size
               exported name: proc_fpstate_save_size
      554    _proc_get_L1_dcache_size
               exported name: proc_get_L1_dcache_size
      555    _proc_get_L1_icache_size
               exported name: proc_get_L1_icache_size
      556    _proc_get_L2_cache_size
               exported name: proc_get_L2_cache_size
      557    _proc_get_all_feature_bits
               exported name: proc_get_all_feature_bits
      558    _proc_get_brand_string
               exported name: proc_get_brand_string
      559    _proc_get_cache_line_size
               exported name: proc_get_cache_line_size
      560    _proc_get_cache_size_str
               exported name: proc_get_cache_size_str
      561    _proc_get_containing_page
               exported name: proc_get_containing_page
      562    _proc_get_family
               exported name: proc_get_family
      563    _proc_get_model
               exported name: proc_get_model
      564    _proc_get_stepping
               exported name: proc_get_stepping
      565    _proc_get_type
               exported name: proc_get_type
      566    _proc_get_vendor
               exported name: proc_get_vendor
      567    _proc_has_feature
               exported name: proc_has_feature
      568    _proc_is_cache_aligned
               exported name: proc_is_cache_aligned
      569    _proc_restore_fpstate
               exported name: proc_restore_fpstate
      570    _proc_save_fpstate
               exported name: proc_save_fpstate
      571    _proc_set_vendor
               exported name: proc_set_vendor
      572    Forwarded to NTDLL.qsort
               exported name: qsort
      573    _reg_32_to_16
               exported name: reg_32_to_16
      574    _reg_32_to_8
               exported name: reg_32_to_8
      575    _reg_32_to_opsz
               exported name: reg_32_to_opsz
      576    _reg_get_bits
               exported name: reg_get_bits
      577    _reg_get_size
               exported name: reg_get_size
      578    _reg_get_value
               exported name: reg_get_value
      579    _reg_is_32bit
               exported name: reg_is_32bit
      580    _reg_is_64bit
               exported name: reg_is_64bit
      581    _reg_is_fp
               exported name: reg_is_fp
      582    _reg_is_gpr
               exported name: reg_is_gpr
      583    _reg_is_mmx
               exported name: reg_is_mmx
      584    _reg_is_pointer_sized
               exported name: reg_is_pointer_sized
      585    _reg_is_segment
               exported name: reg_is_segment
      586    _reg_is_xmm
               exported name: reg_is_xmm
      587    _reg_is_ymm
               exported name: reg_is_ymm
      588    _reg_overlap
               exported name: reg_overlap
      589    _reg_parameter_num
               exported name: reg_parameter_num
      590    _reg_set_value
               exported name: reg_set_value
      591    _reg_to_pointer_sized
               exported name: reg_to_pointer_sized
      592    Forwarded to NTDLL.sin
               exported name: sin
      593    Forwarded to NTDLL.sprintf
               exported name: sprintf
      594    Forwarded to NTDLL.sqrt
               exported name: sqrt
      595    Forwarded to NTDLL.sscanf
               exported name: sscanf
      596    Forwarded to NTDLL.strchr
               exported name: strchr
      597    Forwarded to NTDLL.strcmp
               exported name: strcmp
      598    Forwarded to NTDLL.strcspn
               exported name: strcspn
      599    Forwarded to NTDLL.strlen
               exported name: strlen
      600    Forwarded to NTDLL.strncat
               exported name: strncat
      601    Forwarded to NTDLL.strncmp
               exported name: strncmp
      602    Forwarded to NTDLL.strncpy
               exported name: strncpy
      603    Forwarded to NTDLL.strpbrk
               exported name: strpbrk
      604    Forwarded to NTDLL.strrchr
               exported name: strrchr
      605    Forwarded to NTDLL.strspn
               exported name: strspn
      606    Forwarded to NTDLL.strstr
               exported name: strstr
      607    Forwarded to NTDLL.strtol
               exported name: strtol
      608    Forwarded to NTDLL.strtoul
               exported name: strtoul
      609    Forwarded to NTDLL.tan
               exported name: tan
      610    Forwarded to NTDLL.tolower
               exported name: tolower
      611    Forwarded to NTDLL.toupper
               exported name: toupper
      612    Forwarded to NTDLL.towlower
               exported name: towlower
      613    Forwarded to NTDLL.towupper
               exported name: towupper
      614    _unique_build_number
               exported name: unique_build_number
      615    Forwarded to NTDLL.wcscat
               exported name: wcscat
      616    Forwarded to NTDLL.wcschr
               exported name: wcschr
      617    Forwarded to NTDLL.wcscmp
               exported name: wcscmp
      618    Forwarded to NTDLL.wcscpy
               exported name: wcscpy
      619    Forwarded to NTDLL.wcscspn
               exported name: wcscspn
      620    Forwarded to NTDLL.wcslen
               exported name: wcslen
      621    Forwarded to NTDLL.wcsncat
               exported name: wcsncat
      622    Forwarded to NTDLL.wcsncmp
               exported name: wcsncmp
      623    Forwarded to NTDLL.wcsncpy
               exported name: wcsncpy
      624    Forwarded to NTDLL.wcspbrk
               exported name: wcspbrk
      625    Forwarded to NTDLL.wcsrchr
               exported name: wcsrchr
      626    Forwarded to NTDLL.wcsspn
               exported name: wcsspn
      627    Forwarded to NTDLL.wcsstr
               exported name: wcsstr
      628    Forwarded to NTDLL.wcstol
               exported name: wcstol
      629    Forwarded to NTDLL.wcstombs
               exported name: wcstombs
      630    Forwarded to NTDLL.wcstoul
               exported name: wcstoul
